0 verbose cli C:\Program Files\nodejs\node.exe C:\Program Files\nodejs\node_modules\npm\bin\npm-cli.js
1 info using npm@10.9.2
2 info using node@v22.13.0
3 silly config load:file:C:\Program Files\nodejs\node_modules\npm\npmrc
4 silly config load:file:D:\workspace\MYSdE3E1DnL9f4Fq-grok-workspace\.npmrc
5 silly config load:file:C:\Users\alcar\.npmrc
6 silly config load:file:C:\Users\alcar\AppData\Roaming\npm\etc\npmrc
7 verbose title npm install tslib@2.8.1
8 verbose argv "install" "tslib@2.8.1" "--save-exact" "--cache" ".npm-cache"
9 verbose logfile logs-max:10 dir:D:\workspace\MYSdE3E1DnL9f4Fq-grok-workspace\.npm-cache\_logs\2026-10-08T10_04_49_755Z-
10 verbose logfile D:\workspace\MYSdE3E1DnL9f4Fq-grok-workspace\.npm-cache\_logs\2026-10-08T10_04_49_755Z-debug-0.log
11 silly logfile done cleaning log files
12 silly packumentCache heap:4345298944 maxSize:1086324736 maxEntrySize:543162368
13 silly idealTree buildDeps
14 silly fetch manifest tslib@2.8.1
15 silly packumentCache full:https://registry.npmjs.org/tslib cache-miss
16 verbose shrinkwrap failed to load node_modules/.package-lock.json out of date, updated: node_modules
17 http fetch GET https://registry.npmjs.org/tslib attempt 1 failed with EACCES
18 http fetch GET https://registry.npmjs.org/tslib attempt 2 failed with EACCES
19 http fetch GET https://registry.npmjs.org/tslib attempt 3 failed with EACCES
20 silly placeDep ROOT tslib@ REPLACE for:  want: 2.8.1
21 verbose type system
22 verbose stack FetchError: request to https://registry.npmjs.org/tslib failed, reason: 
22 verbose stack     at ClientRequest.<anonymous> (C:\Program Files\nodejs\node_modules\npm\node_modules\minipass-fetch\lib\index.js:130:14)
22 verbose stack     at ClientRequest.emit (node:events:524:28)
22 verbose stack     at emitErrorEvent (node:_http_client:104:11)
22 verbose stack     at _destroy (node:_http_client:898:9)
22 verbose stack     at onSocketNT (node:_http_client:918:5)
22 verbose stack     at process.processTicksAndRejections (node:internal/process/task_queues:91:21)
23 error code EACCES
24 error errno EACCES
25 error FetchError: request to https://registry.npmjs.org/tslib failed, reason: 
25 error     at ClientRequest.<anonymous> (C:\Program Files\nodejs\node_modules\npm\node_modules\minipass-fetch\lib\index.js:130:14)
25 error     at ClientRequest.emit (node:events:524:28)
25 error     at emitErrorEvent (node:_http_client:104:11)
25 error     at _destroy (node:_http_client:898:9)
25 error     at onSocketNT (node:_http_client:918:5)
25 error     at process.processTicksAndRejections (node:internal/process/task_queues:91:21) {
25 error   code: 'EACCES',
25 error   errno: 'EACCES',
25 error   type: 'system',
25 error   requiredBy: '.'
25 error }
26 error
26 error The operation was rejected by your operating system.
26 error It's possible that the file was already in use (by a text editor or antivirus),
26 error or that you lack permissions to access it.
26 error
26 error If you believe this might be a permissions issue, please double-check the
26 error permissions of the file and its containing directories, or try running
26 error the command again as root/Administrator.
27 silly unfinished npm timer reify 1791453890444
28 silly unfinished npm timer reify:loadTrees 1791453890444
29 verbose cwd D:\workspace\MYSdE3E1DnL9f4Fq-grok-workspace
30 verbose os Windows_NT 10.0.26300
31 verbose node v22.13.0
32 verbose npm  v10.9.2
33 verbose exit 1
34 verbose code 1
35 error A complete log of this run can be found in: D:\workspace\MYSdE3E1DnL9f4Fq-grok-workspace\.npm-cache\_logs\2026-10-08T10_04_49_755Z-debug-0.log
