0 verbose cli C:\Program Files\nodejs\node.exe C:\Users\alcar\AppData\Roaming\npm\node_modules\npm\bin\npm-cli.js
1 info using npm@11.0.0
2 info using node@v22.13.0
3 silly config load:file:C:\Users\alcar\AppData\Roaming\npm\node_modules\npm\npmrc
4 silly config load:file:D:\workspace\MYSdE3E1DnL9f4Fq-grok-workspace\.npmrc
5 silly config load:file:C:\Users\alcar\.npmrc
6 silly config load:file:C:\Users\alcar\AppData\Roaming\npm\etc\npmrc
7 verbose title npm install tslib@2.8.1
8 verbose argv "install" "tslib@2.8.1" "--save-exact" "--cache" ".npm-cache"
9 verbose logfile logs-max:10 dir:D:\workspace\MYSdE3E1DnL9f4Fq-grok-workspace\.npm-cache\_logs\2026-10-08T10_15_36_509Z-
10 verbose logfile D:\workspace\MYSdE3E1DnL9f4Fq-grok-workspace\.npm-cache\_logs\2026-10-08T10_15_36_509Z-debug-0.log
11 silly logfile done cleaning log files
12 silly packumentCache heap:4345298944 maxSize:1086324736 maxEntrySize:543162368
13 silly idealTree buildDeps
14 silly fetch manifest tslib@2.8.1
15 silly packumentCache full:https://registry.npmjs.org/tslib cache-miss
16 verbose shrinkwrap failed to load node_modules/.package-lock.json out of date, updated: node_modules
17 http fetch GET 200 https://registry.npmjs.org/tslib 1760ms (cache miss)
18 silly packumentCache full:https://registry.npmjs.org/tslib set size:undefined disposed:false
19 silly placeDep ROOT tslib@2.8.1 REPLACE for:  want: 2.8.1
20 silly reify moves {}
21 verbose reify failed optional dependency D:\workspace\MYSdE3E1DnL9f4Fq-grok-workspace\node_modules\@tailwindcss\oxide-wasm32-wasi
22 silly reify mark deleted [
22 silly reify   'D:\\workspace\\MYSdE3E1DnL9f4Fq-grok-workspace\\node_modules\\@tailwindcss\\oxide-wasm32-wasi'
22 silly reify ]
23 silly audit bulk request {
23 silly audit   '@babel/code-frame': [ '7.29.7' ],
23 silly audit   '@babel/compat-data': [ '7.29.7' ],
23 silly audit   '@babel/core': [ '7.29.7' ],
23 silly audit   '@babel/generator': [ '7.29.8' ],
23 silly audit   '@babel/helper-compilation-targets': [ '7.29.7' ],
23 silly audit   '@babel/helper-globals': [ '7.29.7' ],
23 silly audit   '@babel/helper-module-imports': [ '7.29.7' ],
23 silly audit   '@babel/helper-module-transforms': [ '7.29.7' ],
23 silly audit   '@babel/helper-plugin-utils': [ '7.29.7' ],
23 silly audit   '@babel/helper-string-parser': [ '7.29.7' ],
23 silly audit   '@babel/helper-validator-identifier': [ '7.29.7' ],
23 silly audit   '@babel/helper-validator-option': [ '7.29.7' ],
23 silly audit   '@babel/helpers': [ '7.29.7' ],
23 silly audit   '@babel/parser': [ '7.29.9' ],
23 silly audit   '@babel/plugin-transform-react-jsx-self': [ '7.29.7' ],
23 silly audit   '@babel/plugin-transform-react-jsx-source': [ '7.29.7' ],
23 silly audit   '@babel/runtime': [ '7.29.7' ],
23 silly audit   '@babel/template': [ '7.29.7' ],
23 silly audit   '@babel/traverse': [ '7.29.8' ],
23 silly audit   '@babel/types': [ '7.29.8' ],
23 silly audit   '@better-auth/core': [ '1.6.33' ],
23 silly audit   '@better-auth/drizzle-adapter': [ '1.6.33' ],
23 silly audit   '@better-auth/kysely-adapter': [ '1.6.33' ],
23 silly audit   '@better-auth/memory-adapter': [ '1.6.33' ],
23 silly audit   '@better-auth/mongo-adapter': [ '1.6.33' ],
23 silly audit   '@better-auth/prisma-adapter': [ '1.6.33' ],
23 silly audit   '@better-auth/telemetry': [ '1.6.33' ],
23 silly audit   '@better-auth/utils': [ '0.4.2', '0.5.0' ],
23 silly audit   '@better-fetch/fetch': [ '1.3.1' ],
23 silly audit   '@date-fns/tz': [ '1.5.0' ],
23 silly audit   '@electric-sql/pglite': [ '0.5.8' ],
23 silly audit   '@eslint-community/eslint-utils': [ '4.10.1' ],
23 silly audit   'eslint-visitor-keys': [ '3.4.3', '5.0.1', '4.2.1' ],
23 silly audit   '@eslint-community/regexpp': [ '4.12.2' ],
23 silly audit   '@eslint/config-array': [ '0.21.2' ],
23 silly audit   '@eslint/config-helpers': [ '0.4.2' ],
23 silly audit   '@eslint/core': [ '0.17.0' ],
23 silly audit   '@eslint/eslintrc': [ '3.3.7' ],
23 silly audit   ajv: [ '6.15.0', '8.20.0' ],
23 silly audit   globals: [ '14.0.0', '15.15.0' ],
23 silly audit   'json-schema-traverse': [ '0.4.1', '1.0.0' ],
23 silly audit   '@eslint/js': [ '9.39.5' ],
23 silly audit   '@eslint/object-schema': [ '2.1.7' ],
23 silly audit   '@eslint/plugin-kit': [ '0.4.1' ],
23 silly audit   '@floating-ui/core': [ '1.8.0' ],
23 silly audit   '@floating-ui/dom': [ '1.8.0' ],
23 silly audit   '@floating-ui/react-dom': [ '2.1.9' ],
23 silly audit   '@floating-ui/utils': [ '0.2.12' ],
23 silly audit   '@hookform/resolvers': [ '5.9.1' ],
23 silly audit   '@humanfs/core': [ '0.19.2' ],
23 silly audit   '@humanfs/node': [ '0.16.8' ],
23 silly audit   '@humanfs/types': [ '0.15.0' ],
23 silly audit   '@humanwhocodes/module-importer': [ '1.0.1' ],
23 silly audit   '@humanwhocodes/retry': [ '0.4.3' ],
23 silly audit   '@jridgewell/gen-mapping': [ '0.3.13' ],
23 silly audit   '@jridgewell/remapping': [ '2.3.5' ],
23 silly audit   '@jridgewell/resolve-uri': [ '3.1.2' ],
23 silly audit   '@jridgewell/sourcemap-codec': [ '1.6.0' ],
23 silly audit   '@jridgewell/trace-mapping': [ '0.3.31' ],
23 silly audit   '@noble/ciphers': [ '2.4.0' ],
23 silly audit   '@noble/hashes': [ '2.4.0' ],
23 silly audit   '@oozcitak/dom': [ '2.0.2' ],
23 silly audit   '@oozcitak/infra': [ '2.0.2' ],
23 silly audit   '@oozcitak/url': [ '3.0.0' ],
23 silly audit   '@oozcitak/util': [ '10.0.0' ],
23 silly audit   '@opentelemetry/semantic-conventions': [ '1.43.0' ],
23 silly audit   '@oxc-project/types': [ '0.151.0' ],
23 silly audit   '@pkgr/core': [ '0.3.6' ],
23 silly audit   '@radix-ui/number': [ '1.1.3' ],
23 silly audit   '@radix-ui/primitive': [ '1.1.7' ],
23 silly audit   '@radix-ui/react-accordion': [ '1.2.20' ],
23 silly audit   '@radix-ui/react-alert-dialog': [ '1.1.23' ],
23 silly audit   '@radix-ui/react-arrow': [ '1.1.15' ],
23 silly audit   '@radix-ui/react-avatar': [ '1.2.6' ],
23 silly audit   '@radix-ui/react-checkbox': [ '1.3.11' ],
23 silly audit   '@radix-ui/react-collapsible': [ '1.1.20' ],
23 silly audit   '@radix-ui/react-collection': [ '1.1.15' ],
23 silly audit   '@radix-ui/react-compose-refs': [ '1.1.5' ],
23 silly audit   '@radix-ui/react-context': [ '1.2.2' ],
23 silly audit   '@radix-ui/react-dialog': [ '1.1.23' ],
23 silly audit   '@radix-ui/react-direction': [ '1.1.4' ],
23 silly audit   '@radix-ui/react-dismissable-layer': [ '1.1.19' ],
23 silly audit   '@radix-ui/react-dropdown-menu': [ '2.1.24' ],
23 silly audit   '@radix-ui/react-focus-guards': [ '1.1.6' ],
23 silly audit   '@radix-ui/react-focus-scope': [ '1.1.16' ],
23 silly audit   '@radix-ui/react-id': [ '1.1.4' ],
23 silly audit   '@radix-ui/react-label': [ '2.1.15' ],
23 silly audit   '@radix-ui/react-menu': [ '2.1.24' ],
23 silly audit   '@radix-ui/react-popover': [ '1.1.23' ],
23 silly audit   '@radix-ui/react-popper': [ '1.3.7' ],
23 silly audit   '@radix-ui/react-portal': [ '1.1.17' ],
23 silly audit   '@radix-ui/react-presence': [ '1.1.10' ],
23 silly audit   '@radix-ui/react-primitive': [ '2.1.10' ],
23 silly audit   '@radix-ui/react-progress': [ '1.1.16' ],
23 silly audit   '@radix-ui/react-radio-group': [ '1.4.7' ],
23 silly audit   '@radix-ui/react-roving-focus': [ '1.1.19' ],
23 silly audit   '@radix-ui/react-scroll-area': [ '1.2.18' ],
23 silly audit   '@radix-ui/react-select': [ '2.3.7' ],
23 silly audit   '@radix-ui/react-separator': [ '1.1.15' ],
23 silly audit   '@radix-ui/react-slider': [ '1.4.7' ],
23 silly audit   '@radix-ui/react-slot': [ '1.3.3' ],
23 silly audit   '@radix-ui/react-switch': [ '1.3.7' ],
23 silly audit   '@radix-ui/react-tabs': [ '1.1.21' ],
23 silly audit   '@radix-ui/react-toggle': [ '1.1.18' ],
23 silly audit   '@radix-ui/react-toggle-group': [ '1.1.19' ],
23 silly audit   '@radix-ui/react-tooltip': [ '1.2.16' ],
23 silly audit   '@radix-ui/react-use-callback-ref': [ '1.1.4' ],
23 silly audit   '@radix-ui/react-use-controllable-state': [ '1.2.6' ],
23 silly audit   '@radix-ui/react-use-effect-event': [ '0.0.5' ],
23 silly audit   '@radix-ui/react-use-is-hydrated': [ '0.1.3' ],
23 silly audit   '@radix-ui/react-use-layout-effect': [ '1.1.4' ],
23 silly audit   '@radix-ui/react-use-previous': [ '1.1.4' ],
23 silly audit   '@radix-ui/react-use-rect': [ '1.1.4' ],
23 silly audit   '@radix-ui/react-use-size': [ '1.1.4' ],
23 silly audit   '@radix-ui/react-visually-hidden': [ '1.2.11' ],
23 silly audit   '@radix-ui/rect': [ '1.1.3' ],
23 silly audit   '@rolldown/binding-android-arm-eabi': [ '1.2.11' ],
23 silly audit   '@rolldown/binding-android-arm64': [ '1.2.11' ],
23 silly audit   '@rolldown/binding-darwin-arm64': [ '1.2.11' ],
23 silly audit   '@rolldown/binding-darwin-x64': [ '1.2.11' ],
23 silly audit   '@rolldown/binding-freebsd-x64': [ '1.2.11' ],
23 silly audit   '@rolldown/binding-linux-arm-gnueabihf': [ '1.2.11' ],
23 silly audit   '@rolldown/binding-linux-arm64-gnu': [ '1.2.11' ],
23 silly audit   '@rolldown/binding-linux-arm64-musl': [ '1.2.11' ],
23 silly audit   '@rolldown/binding-linux-ppc64-gnu': [ '1.2.11' ],
23 silly audit   '@rolldown/binding-linux-s390x-gnu': [ '1.2.11' ],
23 silly audit   '@rolldown/binding-linux-x64-gnu': [ '1.2.11' ],
23 silly audit   '@rolldown/binding-linux-x64-musl': [ '1.2.11' ],
23 silly audit   '@rolldown/binding-openharmony-arm64': [ '1.2.11' ],
23 silly audit   '@rolldown/binding-win32-arm64-msvc': [ '1.2.11' ],
23 silly audit   '@rolldown/binding-win32-x64-msvc': [ '1.2.11' ],
23 silly audit   '@rolldown/pluginutils': [ '1.0.0-rc.3', '1.0.1' ],
23 silly audit   '@standard-schema/spec': [ '1.1.0' ],
23 silly audit   '@standard-schema/utils': [ '0.3.0' ],
23 silly audit   '@tabby_ai/hijri-converter': [ '1.0.5' ],
23 silly audit   '@tailwindcss/node': [ '4.3.3' ],
23 silly audit   lightningcss: [ '1.32.0', '1.33.0' ],
23 silly audit   'lightningcss-android-arm64': [ '1.32.0', '1.33.0' ],
23 silly audit   'lightningcss-darwin-arm64': [ '1.32.0', '1.33.0' ],
23 silly audit   'lightningcss-darwin-x64': [ '1.32.0', '1.33.0' ],
23 silly audit   'lightningcss-freebsd-x64': [ '1.32.0', '1.33.0' ],
23 silly audit   'lightningcss-linux-arm-gnueabihf': [ '1.32.0', '1.33.0' ],
23 silly audit   'lightningcss-linux-arm64-gnu': [ '1.32.0', '1.33.0' ],
23 silly audit   'lightningcss-linux-arm64-musl': [ '1.32.0', '1.33.0' ],
23 silly audit   'lightningcss-linux-x64-gnu': [ '1.32.0', '1.33.0' ],
23 silly audit   'lightningcss-linux-x64-musl': [ '1.32.0', '1.33.0' ],
23 silly audit   'lightningcss-win32-arm64-msvc': [ '1.32.0', '1.33.0' ],
23 silly audit   'lightningcss-win32-x64-msvc': [ '1.32.0', '1.33.0' ],
23 silly audit   '@tailwindcss/oxide': [ '4.3.3' ],
23 silly audit   '@tailwindcss/oxide-android-arm64': [ '4.3.3' ],
23 silly audit   '@tailwindcss/oxide-darwin-arm64': [ '4.3.3' ],
23 silly audit   '@tailwindcss/oxide-darwin-x64': [ '4.3.3' ],
23 silly audit   '@tailwindcss/oxide-freebsd-x64': [ '4.3.3' ],
23 silly audit   '@tailwindcss/oxide-linux-arm-gnueabihf': [ '4.3.3' ],
23 silly audit   '@tailwindcss/oxide-linux-arm64-gnu': [ '4.3.3' ],
23 silly audit   '@tailwindcss/oxide-linux-arm64-musl': [ '4.3.3' ],
23 silly audit   '@tailwindcss/oxide-linux-x64-gnu': [ '4.3.3' ],
23 silly audit   '@tailwindcss/oxide-linux-x64-musl': [ '4.3.3' ],
23 silly audit   '@tailwindcss/oxide-win32-arm64-msvc': [ '4.3.3' ],
23 silly audit   '@tailwindcss/oxide-win32-x64-msvc': [ '4.3.3' ],
23 silly audit   '@tailwindcss/vite': [ '4.3.3' ],
23 silly audit   '@tanstack/history': [ '1.162.4' ],
23 silly audit   '@tanstack/query-core': [ '5.103.2' ],
23 silly audit   '@tanstack/react-query': [ '5.103.2' ],
23 silly audit   '@tanstack/react-router': [ '1.170.41' ],
23 silly audit   '@tanstack/react-start': [ '1.168.60' ],
23 silly audit   '@tanstack/react-start-client': [ '1.168.39' ],
23 silly audit   '@tanstack/react-start-rsc': [ '0.1.59' ],
23 silly audit   '@tanstack/react-start-server': [ '1.167.46' ],
23 silly audit   '@tanstack/react-store': [ '0.11.2' ],
23 silly audit   '@tanstack/react-table': [ '8.21.3' ],
23 silly audit   '@tanstack/router-core': [ '1.171.34' ],
23 silly audit   '@tanstack/router-generator': [ '1.167.40' ],
23 silly audit   '@tanstack/router-plugin': [ '1.168.42' ],
23 silly audit   '@tanstack/router-utils': [ '1.162.3' ],
23 silly audit   '@tanstack/start-client-core': [ '1.170.34' ],
23 silly audit   '@tanstack/start-fn-stubs': [ '1.162.0' ],
23 silly audit   '@tanstack/start-plugin-core': [ '1.171.49' ],
23 silly audit   '@tanstack/start-server-core': [ '1.169.39' ],
23 silly audit   '@tanstack/start-storage-context': [ '1.167.36' ],
23 silly audit   '@tanstack/store': [ '0.11.2' ],
23 silly audit   '@tanstack/table-core': [ '8.21.3' ],
23 silly audit   '@tanstack/virtual-file-routes': [ '1.162.0' ],
23 silly audit   '@types/babel__core': [ '7.20.5' ],
23 silly audit   '@types/babel__generator': [ '7.27.0' ],
23 silly audit   '@types/babel__template': [ '7.4.4' ],
23 silly audit   '@types/babel__traverse': [ '7.28.0' ],
23 silly audit   '@types/d3-array': [ '3.2.2' ],
23 silly audit   '@types/d3-color': [ '3.1.3' ],
23 silly audit   '@types/d3-ease': [ '3.0.2' ],
23 silly audit   '@types/d3-interpolate': [ '3.0.4' ],
23 silly audit   '@types/d3-path': [ '3.1.1' ],
23 silly audit   '@types/d3-scale': [ '4.0.9' ],
23 silly audit   '@types/d3-shape': [ '3.2.0' ],
23 silly audit   '@types/d3-time': [ '3.0.4' ],
23 silly audit   '@types/d3-timer': [ '3.0.2' ],
23 silly audit   '@types/estree': [ '1.0.9' ],
23 silly audit   '@types/json-schema': [ '7.0.15' ],
23 silly audit   '@types/node': [ '22.20.4' ],
23 silly audit   '@types/pg': [ '8.23.1' ],
23 silly audit   '@types/react': [ '19.3.0' ],
23 silly audit   '@types/react-dom': [ '19.3.0' ],
23 silly audit   '@typescript-eslint/eslint-plugin': [ '8.70.1' ],
23 silly audit   ignore: [ '7.0.10', '5.3.2' ],
23 silly audit   '@typescript-eslint/parser': [ '8.70.1' ],
23 silly audit   '@typescript-eslint/project-service': [ '8.70.1' ],
23 silly audit   '@typescript-eslint/scope-manager': [ '8.70.1' ],
23 silly audit   '@typescript-eslint/tsconfig-utils': [ '8.70.1' ],
23 silly audit   '@typescript-eslint/type-utils': [ '8.70.1' ],
23 silly audit   '@typescript-eslint/types': [ '8.70.1' ],
23 silly audit   '@typescript-eslint/typescript-estree': [ '8.70.1' ],
23 silly audit   'balanced-match': [ '4.0.4', '1.0.2' ],
23 silly audit   'brace-expansion': [ '5.0.12', '1.1.21' ],
23 silly audit   minimatch: [ '10.2.6', '3.1.5' ],
23 silly audit   semver: [ '7.8.5', '6.3.1' ],
23 silly audit   '@typescript-eslint/utils': [ '8.70.1' ],
23 silly audit   '@typescript-eslint/visitor-keys': [ '8.70.1' ],
23 silly audit   '@vitejs/plugin-react': [ '5.2.0' ],
23 silly audit   acorn: [ '8.18.0' ],
23 silly audit   'acorn-jsx': [ '5.3.2' ],
23 silly audit   'ansi-styles': [ '4.3.0' ],
23 silly audit   ansis: [ '4.4.0' ],
23 silly audit   argparse: [ '2.0.1' ],
23 silly audit   'aria-hidden': [ '1.2.6' ],
23 silly audit   'babel-dead-code-elimination': [ '1.0.12' ],
23 silly audit   'baseline-browser-mapping': [ '2.11.26' ],
23 silly audit   'better-auth': [ '1.6.33' ],
23 silly audit   'better-call': [ '1.4.0' ],
23 silly audit   browserslist: [ '4.29.1' ],
23 silly audit   callsites: [ '3.1.0' ],
23 silly audit   'caniuse-lite': [ '1.0.30001812' ],
23 silly audit   chalk: [ '4.1.2' ],
23 silly audit   chokidar: [ '5.0.0' ],
23 silly audit   'class-variance-authority': [ '0.7.1' ],
23 silly audit   clsx: [ '2.1.1' ],
23 silly audit   cmdk: [ '1.1.1' ],
23 silly audit   'color-convert': [ '2.0.1' ],
23 silly audit   'color-name': [ '1.1.4' ],
23 silly audit   'concat-map': [ '0.0.1' ],
23 silly audit   consola: [ '3.4.2' ],
23 silly audit   'convert-source-map': [ '2.0.0' ],
23 silly audit   'cookie-es': [ '3.1.1' ],
23 silly audit   'cross-spawn': [ '7.0.6' ],
23 silly audit   crossws: [ '0.4.12' ],
23 silly audit   csstype: [ '3.2.3' ],
23 silly audit   'd3-array': [ '3.2.4' ],
23 silly audit   'd3-color': [ '3.1.0' ],
23 silly audit   'd3-ease': [ '3.0.1' ],
23 silly audit   'd3-format': [ '3.1.2' ],
23 silly audit   'd3-interpolate': [ '3.0.1' ],
23 silly audit   'd3-path': [ '3.1.0' ],
23 silly audit   'd3-scale': [ '4.0.2' ],
23 silly audit   'd3-shape': [ '3.2.0' ],
23 silly audit   'd3-time': [ '3.1.0' ],
23 silly audit   'd3-time-format': [ '4.1.0' ],
23 silly audit   'd3-timer': [ '3.0.1' ],
23 silly audit   'date-fns': [ '4.4.0' ],
23 silly audit   'date-fns-jalali': [ '4.1.0-0' ],
23 silly audit   db0: [ '0.3.4' ],
23 silly audit   debug: [ '4.4.3' ],
23 silly audit   'decimal.js-light': [ '2.5.1' ],
23 silly audit   'deep-is': [ '0.1.4' ],
23 silly audit   defu: [ '6.1.7' ],
23 silly audit   'detect-libc': [ '2.1.2' ],
23 silly audit   'detect-node-es': [ '1.1.0' ],
23 silly audit   diff: [ '8.0.4' ],
23 silly audit   'dom-helpers': [ '5.2.1' ],
23 silly audit   'electron-to-chromium': [ '1.5.438' ],
23 silly audit   'enhanced-resolve': [ '5.25.1' ],
23 silly audit   'env-runner': [ '0.1.16' ],
23 silly audit   escalade: [ '3.2.0' ],
23 silly audit   'escape-string-regexp': [ '4.0.0' ],
23 silly audit   eslint: [ '9.39.5' ],
23 silly audit   'eslint-config-prettier': [ '10.1.8' ],
23 silly audit   'eslint-plugin-prettier': [ '5.5.6' ],
23 silly audit   'eslint-plugin-react-hooks': [ '5.2.0' ],
23 silly audit   'eslint-plugin-react-refresh': [ '0.4.26' ],
23 silly audit   'eslint-scope': [ '8.4.0' ],
23 silly audit   espree: [ '10.4.0' ],
23 silly audit   esquery: [ '1.7.0' ],
23 silly audit   esrecurse: [ '4.3.0' ],
23 silly audit   estraverse: [ '5.3.0' ],
23 silly audit   esutils: [ '2.0.3' ],
23 silly audit   eventemitter3: [ '4.0.7' ],
23 silly audit   exsolve: [ '1.1.1' ],
23 silly audit   'fast-deep-equal': [ '3.1.3' ],
23 silly audit   'fast-diff': [ '1.3.0' ],
23 silly audit   'fast-equals': [ '5.4.3' ],
23 silly audit   'fast-json-stable-stringify': [ '2.1.0' ],
23 silly audit   'fast-levenshtein': [ '2.0.6' ],
23 silly audit   'fast-uri': [ '3.1.8' ],
23 silly audit   fdir: [ '6.5.0' ],
23 silly audit   fetchdts: [ '0.1.7' ],
23 silly audit   'file-entry-cache': [ '8.0.0' ],
23 silly audit   'find-up': [ '5.0.0' ],
23 silly audit   'flat-cache': [ '4.0.1' ],
23 silly audit   flatted: [ '3.4.4' ],
23 silly audit   fsevents: [ '2.3.3' ],
23 silly audit   gensync: [ '1.0.0-beta.2' ],
23 silly audit   'get-nonce': [ '1.0.1' ],
23 silly audit   'glob-parent': [ '6.0.2' ],
23 silly audit   'graceful-fs': [ '4.2.11' ],
23 silly audit   h3: [ '2.0.1-rc.22', '2.0.1-rc.20' ],
23 silly audit   rou3: [ '0.8.1', '0.9.2' ],
23 silly audit   'has-flag': [ '4.0.0' ],
23 silly audit   hookable: [ '6.1.2' ],
23 silly audit   httpxy: [ '0.5.5' ],
23 silly audit   'import-fresh': [ '3.3.1' ],
23 silly audit   imurmurhash: [ '0.1.4' ],
23 silly audit   internmap: [ '2.0.3' ],
23 silly audit   'is-extglob': [ '2.1.1' ],
23 silly audit   'is-glob': [ '4.0.3' ],
23 silly audit   isbot: [ '5.2.2' ],
23 silly audit   isexe: [ '2.0.0' ],
23 silly audit   jiti: [ '2.7.0' ],
23 silly audit   jose: [ '6.2.9' ],
23 silly audit   'js-tokens': [ '4.0.0' ],
23 silly audit   'js-yaml': [ '4.3.2' ],
23 silly audit   jsesc: [ '3.1.0' ],
23 silly audit   'json-buffer': [ '3.0.1' ],
23 silly audit   'json-stable-stringify-without-jsonify': [ '1.0.1' ],
23 silly audit   json5: [ '2.2.3' ],
23 silly audit   keyv: [ '4.5.4' ],
23 silly audit   kysely: [ '0.28.17' ],
23 silly audit   levn: [ '0.4.1' ],
23 silly audit   'locate-path': [ '6.0.0' ],
23 silly audit   lodash: [ '4.18.1' ],
23 silly audit   'lodash.merge': [ '4.6.2' ],
23 silly audit   'loose-envify': [ '1.4.0' ],
23 silly audit   'lru-cache': [ '5.1.1', '11.5.3' ],
23 silly audit   'lucide-react': [ '0.510.0' ],
23 silly audit   'magic-string': [ '0.30.21' ],
23 silly audit   ms: [ '2.1.3' ],
23 silly audit   nanoid: [ '3.3.19' ],
23 silly audit   nanostores: [ '1.5.3' ],
23 silly audit   'natural-compare': [ '1.4.0' ],
23 silly audit   nf3: [ '0.3.17' ],
23 silly audit   nitro: [ '3.0.260610-beta' ],
23 silly audit   unstorage: [ '2.0.0-alpha.7' ],
23 silly audit   'node-releases': [ '2.0.57' ],
23 silly audit   'object-assign': [ '4.1.1' ],
23 silly audit   ocache: [ '0.1.5' ],
23 silly audit   ofetch: [ '2.0.0-alpha.3' ],
23 silly audit   ohash: [ '2.0.12' ],
23 silly audit   optionator: [ '0.9.4' ],
23 silly audit   'p-limit': [ '3.1.0' ],
23 silly audit   'p-locate': [ '5.0.0' ],
23 silly audit   'parent-module': [ '1.0.1' ],
23 silly audit   'path-exists': [ '4.0.0' ],
23 silly audit   'path-key': [ '3.1.1' ],
23 silly audit   pathe: [ '2.0.3' ],
23 silly audit   pg: [ '8.23.0' ],
23 silly audit   'pg-cloudflare': [ '1.4.0' ],
23 silly audit   'pg-connection-string': [ '2.14.0' ],
23 silly audit   'pg-int8': [ '1.0.1' ],
23 silly audit   'pg-pool': [ '3.14.0' ],
23 silly audit   'pg-protocol': [ '1.16.0' ],
23 silly audit   'pg-types': [ '2.2.0' ],
23 silly audit   pgpass: [ '1.0.5' ],
23 silly audit   picocolors: [ '1.1.1' ],
23 silly audit   picomatch: [ '4.0.7' ],
23 silly audit   playwright: [ '1.63.0' ],
23 silly audit   'playwright-core': [ '1.63.0' ],
23 silly audit   postcss: [ '8.5.28' ],
23 silly audit   'postgres-array': [ '2.0.0' ],
23 silly audit   'postgres-bytea': [ '1.0.1' ],
23 silly audit   'postgres-date': [ '1.0.7' ],
23 silly audit   'postgres-interval': [ '1.2.0' ],
23 silly audit   'prelude-ls': [ '1.2.1' ],
23 silly audit   prettier: [ '3.9.9' ],
23 silly audit   'prettier-linter-helpers': [ '1.0.1' ],
23 silly audit   'prop-types': [ '15.8.1' ],
23 silly audit   'react-is': [ '16.13.1', '18.3.1' ],
23 silly audit   punycode: [ '2.3.1' ],
23 silly audit   react: [ '19.3.0' ],
23 silly audit   'react-day-picker': [ '9.14.0' ],
23 silly audit   'react-dom': [ '19.3.0' ],
23 silly audit   'react-hook-form': [ '7.88.0' ],
23 silly audit   'react-refresh': [ '0.18.0' ],
23 silly audit   'react-remove-scroll': [ '2.7.2' ],
23 silly audit   'react-remove-scroll-bar': [ '2.3.8' ],
23 silly audit   'react-resizable-panels': [ '4.13.3' ],
23 silly audit   'react-smooth': [ '4.0.4' ],
23 silly audit   'react-style-singleton': [ '2.2.3' ],
23 silly audit   'react-transition-group': [ '4.4.5' ],
23 silly audit   readdirp: [ '5.1.1' ],
23 silly audit   recharts: [ '2.15.4' ],
23 silly audit   'recharts-scale': [ '0.4.5' ],
23 silly audit   'require-from-string': [ '2.0.2' ],
23 silly audit   'resolve-from': [ '4.0.0' ],
23 silly audit   rolldown: [ '1.2.11' ],
23 silly audit   scheduler: [ '0.28.0' ],
23 silly audit   seroval: [ '1.6.7' ],
23 silly audit   'seroval-plugins': [ '1.6.7' ],
23 silly audit   'set-cookie-parser': [ '3.1.2' ],
23 silly audit   'shebang-command': [ '2.0.0' ],
23 silly audit   'shebang-regex': [ '3.0.0' ],
23 silly audit   sonner: [ '2.0.8' ],
23 silly audit   'source-map': [ '0.7.6' ],
23 silly audit   'source-map-js': [ '1.2.1' ],
23 silly audit   split2: [ '4.2.0' ],
23 silly audit   srvx: [ '0.11.22' ],
23 silly audit   'strip-json-comments': [ '3.1.1' ],
23 silly audit   'supports-color': [ '7.2.0' ],
23 silly audit   synckit: [ '0.11.13' ],
23 silly audit   'tailwind-merge': [ '3.7.0' ],
23 silly audit   tailwindcss: [ '4.3.3' ],
23 silly audit   tapable: [ '2.3.3' ],
23 silly audit   'tiny-invariant': [ '1.3.3' ],
23 silly audit   tinyglobby: [ '0.2.17' ],
23 silly audit   'ts-api-utils': [ '2.5.0' ],
23 silly audit   'tw-animate-css': [ '1.4.0' ],
23 silly audit   'type-check': [ '0.4.0' ],
23 silly audit   typescript: [ '5.9.3' ],
23 silly audit   'typescript-eslint': [ '8.70.1' ],
23 silly audit   ufo: [ '1.6.4' ],
23 silly audit   'undici-types': [ '6.21.0' ],
23 silly audit   unenv: [ '2.0.0-rc.24' ],
23 silly audit   unplugin: [ '3.4.0' ],
23 silly audit   'update-browserslist-db': [ '1.3.3' ],
23 silly audit   'uri-js': [ '4.4.1' ],
23 silly audit   'use-callback-ref': [ '1.3.3' ],
23 silly audit   'use-sidecar': [ '1.1.3' ],
23 silly audit   'use-sync-external-store': [ '1.7.0' ],
23 silly audit   vaul: [ '1.1.2' ],
23 silly audit   'victory-vendor': [ '36.9.2' ],
23 silly audit   vite: [ '8.3.1' ],
23 silly audit   vitefu: [ '1.1.3' ],
23 silly audit   'webpack-virtual-modules': [ '0.6.2' ],
23 silly audit   which: [ '2.0.2' ],
23 silly audit   'word-wrap': [ '1.2.5' ],
23 silly audit   xmlbuilder2: [ '4.0.3' ],
23 silly audit   xtend: [ '4.0.2' ],
23 silly audit   yallist: [ '3.1.1' ],
23 silly audit   'yocto-queue': [ '0.1.0' ],
23 silly audit   zod: [ '4.6.5' ],
23 silly audit   zustand: [ '5.0.15' ],
23 silly audit   tslib: [ '2.8.1' ],
23 silly audit   '@tailwindcss/oxide-wasm32-wasi': [ '4.3.3' ]
23 silly audit }
24 verbose reify failed optional dependency D:\workspace\MYSdE3E1DnL9f4Fq-grok-workspace\node_modules\lightningcss-win32-arm64-msvc
25 silly reify mark deleted [
25 silly reify   'D:\\workspace\\MYSdE3E1DnL9f4Fq-grok-workspace\\node_modules\\lightningcss-win32-arm64-msvc'
25 silly reify ]
26 verbose reify failed optional dependency D:\workspace\MYSdE3E1DnL9f4Fq-grok-workspace\node_modules\lightningcss-linux-x64-musl
27 silly reify mark deleted [
27 silly reify   'D:\\workspace\\MYSdE3E1DnL9f4Fq-grok-workspace\\node_modules\\lightningcss-linux-x64-musl'
27 silly reify ]
28 verbose reify failed optional dependency D:\workspace\MYSdE3E1DnL9f4Fq-grok-workspace\node_modules\lightningcss-linux-x64-gnu
29 silly reify mark deleted [
29 silly reify   'D:\\workspace\\MYSdE3E1DnL9f4Fq-grok-workspace\\node_modules\\lightningcss-linux-x64-gnu'
29 silly reify ]
30 verbose reify failed optional dependency D:\workspace\MYSdE3E1DnL9f4Fq-grok-workspace\node_modules\lightningcss-linux-arm64-musl
31 silly reify mark deleted [
31 silly reify   'D:\\workspace\\MYSdE3E1DnL9f4Fq-grok-workspace\\node_modules\\lightningcss-linux-arm64-musl'
31 silly reify ]
32 verbose reify failed optional dependency D:\workspace\MYSdE3E1DnL9f4Fq-grok-workspace\node_modules\lightningcss-linux-arm64-gnu
33 silly reify mark deleted [
33 silly reify   'D:\\workspace\\MYSdE3E1DnL9f4Fq-grok-workspace\\node_modules\\lightningcss-linux-arm64-gnu'
33 silly reify ]
34 verbose reify failed optional dependency D:\workspace\MYSdE3E1DnL9f4Fq-grok-workspace\node_modules\lightningcss-linux-arm-gnueabihf
35 silly reify mark deleted [
35 silly reify   'D:\\workspace\\MYSdE3E1DnL9f4Fq-grok-workspace\\node_modules\\lightningcss-linux-arm-gnueabihf'
35 silly reify ]
36 verbose reify failed optional dependency D:\workspace\MYSdE3E1DnL9f4Fq-grok-workspace\node_modules\lightningcss-freebsd-x64
37 silly reify mark deleted [
37 silly reify   'D:\\workspace\\MYSdE3E1DnL9f4Fq-grok-workspace\\node_modules\\lightningcss-freebsd-x64'
37 silly reify ]
38 verbose reify failed optional dependency D:\workspace\MYSdE3E1DnL9f4Fq-grok-workspace\node_modules\lightningcss-darwin-x64
39 silly reify mark deleted [
39 silly reify   'D:\\workspace\\MYSdE3E1DnL9f4Fq-grok-workspace\\node_modules\\lightningcss-darwin-x64'
39 silly reify ]
40 verbose reify failed optional dependency D:\workspace\MYSdE3E1DnL9f4Fq-grok-workspace\node_modules\lightningcss-darwin-arm64
41 silly reify mark deleted [
41 silly reify   'D:\\workspace\\MYSdE3E1DnL9f4Fq-grok-workspace\\node_modules\\lightningcss-darwin-arm64'
41 silly reify ]
42 verbose reify failed optional dependency D:\workspace\MYSdE3E1DnL9f4Fq-grok-workspace\node_modules\lightningcss-android-arm64
43 silly reify mark deleted [
43 silly reify   'D:\\workspace\\MYSdE3E1DnL9f4Fq-grok-workspace\\node_modules\\lightningcss-android-arm64'
43 silly reify ]
44 verbose reify failed optional dependency D:\workspace\MYSdE3E1DnL9f4Fq-grok-workspace\node_modules\fsevents
45 silly reify mark deleted [
45 silly reify   'D:\\workspace\\MYSdE3E1DnL9f4Fq-grok-workspace\\node_modules\\fsevents'
45 silly reify ]
46 verbose reify failed optional dependency D:\workspace\MYSdE3E1DnL9f4Fq-grok-workspace\node_modules\@tailwindcss\oxide-win32-arm64-msvc
47 silly reify mark deleted [
47 silly reify   'D:\\workspace\\MYSdE3E1DnL9f4Fq-grok-workspace\\node_modules\\@tailwindcss\\oxide-win32-arm64-msvc'
47 silly reify ]
48 verbose reify failed optional dependency D:\workspace\MYSdE3E1DnL9f4Fq-grok-workspace\node_modules\@tailwindcss\oxide-linux-x64-musl
49 silly reify mark deleted [
49 silly reify   'D:\\workspace\\MYSdE3E1DnL9f4Fq-grok-workspace\\node_modules\\@tailwindcss\\oxide-linux-x64-musl'
49 silly reify ]
50 verbose reify failed optional dependency D:\workspace\MYSdE3E1DnL9f4Fq-grok-workspace\node_modules\@tailwindcss\oxide-linux-x64-gnu
51 silly reify mark deleted [
51 silly reify   'D:\\workspace\\MYSdE3E1DnL9f4Fq-grok-workspace\\node_modules\\@tailwindcss\\oxide-linux-x64-gnu'
51 silly reify ]
52 verbose reify failed optional dependency D:\workspace\MYSdE3E1DnL9f4Fq-grok-workspace\node_modules\@tailwindcss\oxide-linux-arm64-musl
53 silly reify mark deleted [
53 silly reify   'D:\\workspace\\MYSdE3E1DnL9f4Fq-grok-workspace\\node_modules\\@tailwindcss\\oxide-linux-arm64-musl'
53 silly reify ]
54 verbose reify failed optional dependency D:\workspace\MYSdE3E1DnL9f4Fq-grok-workspace\node_modules\@tailwindcss\oxide-linux-arm64-gnu
55 silly reify mark deleted [
55 silly reify   'D:\\workspace\\MYSdE3E1DnL9f4Fq-grok-workspace\\node_modules\\@tailwindcss\\oxide-linux-arm64-gnu'
55 silly reify ]
56 verbose reify failed optional dependency D:\workspace\MYSdE3E1DnL9f4Fq-grok-workspace\node_modules\@tailwindcss\oxide-linux-arm-gnueabihf
57 silly reify mark deleted [
57 silly reify   'D:\\workspace\\MYSdE3E1DnL9f4Fq-grok-workspace\\node_modules\\@tailwindcss\\oxide-linux-arm-gnueabihf'
57 silly reify ]
58 verbose reify failed optional dependency D:\workspace\MYSdE3E1DnL9f4Fq-grok-workspace\node_modules\@tailwindcss\oxide-freebsd-x64
59 silly reify mark deleted [
59 silly reify   'D:\\workspace\\MYSdE3E1DnL9f4Fq-grok-workspace\\node_modules\\@tailwindcss\\oxide-freebsd-x64'
59 silly reify ]
60 verbose reify failed optional dependency D:\workspace\MYSdE3E1DnL9f4Fq-grok-workspace\node_modules\@tailwindcss\oxide-darwin-x64
61 silly reify mark deleted [
61 silly reify   'D:\\workspace\\MYSdE3E1DnL9f4Fq-grok-workspace\\node_modules\\@tailwindcss\\oxide-darwin-x64'
61 silly reify ]
62 verbose reify failed optional dependency D:\workspace\MYSdE3E1DnL9f4Fq-grok-workspace\node_modules\@tailwindcss\oxide-darwin-arm64
63 silly reify mark deleted [
63 silly reify   'D:\\workspace\\MYSdE3E1DnL9f4Fq-grok-workspace\\node_modules\\@tailwindcss\\oxide-darwin-arm64'
63 silly reify ]
64 verbose reify failed optional dependency D:\workspace\MYSdE3E1DnL9f4Fq-grok-workspace\node_modules\@tailwindcss\oxide-android-arm64
65 silly reify mark deleted [
65 silly reify   'D:\\workspace\\MYSdE3E1DnL9f4Fq-grok-workspace\\node_modules\\@tailwindcss\\oxide-android-arm64'
65 silly reify ]
66 verbose reify failed optional dependency D:\workspace\MYSdE3E1DnL9f4Fq-grok-workspace\node_modules\@rolldown\binding-win32-arm64-msvc
67 silly reify mark deleted [
67 silly reify   'D:\\workspace\\MYSdE3E1DnL9f4Fq-grok-workspace\\node_modules\\@rolldown\\binding-win32-arm64-msvc'
67 silly reify ]
68 verbose reify failed optional dependency D:\workspace\MYSdE3E1DnL9f4Fq-grok-workspace\node_modules\@rolldown\binding-openharmony-arm64
69 silly reify mark deleted [
69 silly reify   'D:\\workspace\\MYSdE3E1DnL9f4Fq-grok-workspace\\node_modules\\@rolldown\\binding-openharmony-arm64'
69 silly reify ]
70 verbose reify failed optional dependency D:\workspace\MYSdE3E1DnL9f4Fq-grok-workspace\node_modules\@rolldown\binding-linux-x64-musl
71 silly reify mark deleted [
71 silly reify   'D:\\workspace\\MYSdE3E1DnL9f4Fq-grok-workspace\\node_modules\\@rolldown\\binding-linux-x64-musl'
71 silly reify ]
72 verbose reify failed optional dependency D:\workspace\MYSdE3E1DnL9f4Fq-grok-workspace\node_modules\@rolldown\binding-linux-x64-gnu
73 silly reify mark deleted [
73 silly reify   'D:\\workspace\\MYSdE3E1DnL9f4Fq-grok-workspace\\node_modules\\@rolldown\\binding-linux-x64-gnu'
73 silly reify ]
74 verbose reify failed optional dependency D:\workspace\MYSdE3E1DnL9f4Fq-grok-workspace\node_modules\@rolldown\binding-linux-s390x-gnu
75 silly reify mark deleted [
75 silly reify   'D:\\workspace\\MYSdE3E1DnL9f4Fq-grok-workspace\\node_modules\\@rolldown\\binding-linux-s390x-gnu'
75 silly reify ]
76 verbose reify failed optional dependency D:\workspace\MYSdE3E1DnL9f4Fq-grok-workspace\node_modules\@rolldown\binding-linux-ppc64-gnu
77 silly reify mark deleted [
77 silly reify   'D:\\workspace\\MYSdE3E1DnL9f4Fq-grok-workspace\\node_modules\\@rolldown\\binding-linux-ppc64-gnu'
77 silly reify ]
78 verbose reify failed optional dependency D:\workspace\MYSdE3E1DnL9f4Fq-grok-workspace\node_modules\@rolldown\binding-linux-arm64-musl
79 silly reify mark deleted [
79 silly reify   'D:\\workspace\\MYSdE3E1DnL9f4Fq-grok-workspace\\node_modules\\@rolldown\\binding-linux-arm64-musl'
79 silly reify ]
80 verbose reify failed optional dependency D:\workspace\MYSdE3E1DnL9f4Fq-grok-workspace\node_modules\@rolldown\binding-linux-arm64-gnu
81 silly reify mark deleted [
81 silly reify   'D:\\workspace\\MYSdE3E1DnL9f4Fq-grok-workspace\\node_modules\\@rolldown\\binding-linux-arm64-gnu'
81 silly reify ]
82 verbose reify failed optional dependency D:\workspace\MYSdE3E1DnL9f4Fq-grok-workspace\node_modules\@rolldown\binding-linux-arm-gnueabihf
83 silly reify mark deleted [
83 silly reify   'D:\\workspace\\MYSdE3E1DnL9f4Fq-grok-workspace\\node_modules\\@rolldown\\binding-linux-arm-gnueabihf'
83 silly reify ]
84 verbose reify failed optional dependency D:\workspace\MYSdE3E1DnL9f4Fq-grok-workspace\node_modules\@rolldown\binding-freebsd-x64
85 silly reify mark deleted [
85 silly reify   'D:\\workspace\\MYSdE3E1DnL9f4Fq-grok-workspace\\node_modules\\@rolldown\\binding-freebsd-x64'
85 silly reify ]
86 verbose reify failed optional dependency D:\workspace\MYSdE3E1DnL9f4Fq-grok-workspace\node_modules\@rolldown\binding-darwin-x64
87 silly reify mark deleted [
87 silly reify   'D:\\workspace\\MYSdE3E1DnL9f4Fq-grok-workspace\\node_modules\\@rolldown\\binding-darwin-x64'
87 silly reify ]
88 verbose reify failed optional dependency D:\workspace\MYSdE3E1DnL9f4Fq-grok-workspace\node_modules\@rolldown\binding-darwin-arm64
89 silly reify mark deleted [
89 silly reify   'D:\\workspace\\MYSdE3E1DnL9f4Fq-grok-workspace\\node_modules\\@rolldown\\binding-darwin-arm64'
89 silly reify ]
90 verbose reify failed optional dependency D:\workspace\MYSdE3E1DnL9f4Fq-grok-workspace\node_modules\@rolldown\binding-android-arm64
91 silly reify mark deleted [
91 silly reify   'D:\\workspace\\MYSdE3E1DnL9f4Fq-grok-workspace\\node_modules\\@rolldown\\binding-android-arm64'
91 silly reify ]
92 verbose reify failed optional dependency D:\workspace\MYSdE3E1DnL9f4Fq-grok-workspace\node_modules\@rolldown\binding-android-arm-eabi
93 silly reify mark deleted [
93 silly reify   'D:\\workspace\\MYSdE3E1DnL9f4Fq-grok-workspace\\node_modules\\@rolldown\\binding-android-arm-eabi'
93 silly reify ]
94 verbose reify failed optional dependency D:\workspace\MYSdE3E1DnL9f4Fq-grok-workspace\node_modules\@tailwindcss\node\node_modules\lightningcss-win32-arm64-msvc
95 silly reify mark deleted [
95 silly reify   'D:\\workspace\\MYSdE3E1DnL9f4Fq-grok-workspace\\node_modules\\@tailwindcss\\node\\node_modules\\lightningcss-win32-arm64-msvc'
95 silly reify ]
96 verbose reify failed optional dependency D:\workspace\MYSdE3E1DnL9f4Fq-grok-workspace\node_modules\@tailwindcss\node\node_modules\lightningcss-linux-x64-musl
97 silly reify mark deleted [
97 silly reify   'D:\\workspace\\MYSdE3E1DnL9f4Fq-grok-workspace\\node_modules\\@tailwindcss\\node\\node_modules\\lightningcss-linux-x64-musl'
97 silly reify ]
98 verbose reify failed optional dependency D:\workspace\MYSdE3E1DnL9f4Fq-grok-workspace\node_modules\@tailwindcss\node\node_modules\lightningcss-linux-x64-gnu
99 silly reify mark deleted [
99 silly reify   'D:\\workspace\\MYSdE3E1DnL9f4Fq-grok-workspace\\node_modules\\@tailwindcss\\node\\node_modules\\lightningcss-linux-x64-gnu'
99 silly reify ]
100 verbose reify failed optional dependency D:\workspace\MYSdE3E1DnL9f4Fq-grok-workspace\node_modules\@tailwindcss\node\node_modules\lightningcss-linux-arm64-musl
101 silly reify mark deleted [
101 silly reify   'D:\\workspace\\MYSdE3E1DnL9f4Fq-grok-workspace\\node_modules\\@tailwindcss\\node\\node_modules\\lightningcss-linux-arm64-musl'
101 silly reify ]
102 verbose reify failed optional dependency D:\workspace\MYSdE3E1DnL9f4Fq-grok-workspace\node_modules\@tailwindcss\node\node_modules\lightningcss-linux-arm64-gnu
103 silly reify mark deleted [
103 silly reify   'D:\\workspace\\MYSdE3E1DnL9f4Fq-grok-workspace\\node_modules\\@tailwindcss\\node\\node_modules\\lightningcss-linux-arm64-gnu'
103 silly reify ]
104 verbose reify failed optional dependency D:\workspace\MYSdE3E1DnL9f4Fq-grok-workspace\node_modules\@tailwindcss\node\node_modules\lightningcss-linux-arm-gnueabihf
105 silly reify mark deleted [
105 silly reify   'D:\\workspace\\MYSdE3E1DnL9f4Fq-grok-workspace\\node_modules\\@tailwindcss\\node\\node_modules\\lightningcss-linux-arm-gnueabihf'
105 silly reify ]
106 verbose reify failed optional dependency D:\workspace\MYSdE3E1DnL9f4Fq-grok-workspace\node_modules\@tailwindcss\node\node_modules\lightningcss-freebsd-x64
107 silly reify mark deleted [
107 silly reify   'D:\\workspace\\MYSdE3E1DnL9f4Fq-grok-workspace\\node_modules\\@tailwindcss\\node\\node_modules\\lightningcss-freebsd-x64'
107 silly reify ]
108 verbose reify failed optional dependency D:\workspace\MYSdE3E1DnL9f4Fq-grok-workspace\node_modules\@tailwindcss\node\node_modules\lightningcss-darwin-x64
109 silly reify mark deleted [
109 silly reify   'D:\\workspace\\MYSdE3E1DnL9f4Fq-grok-workspace\\node_modules\\@tailwindcss\\node\\node_modules\\lightningcss-darwin-x64'
109 silly reify ]
110 verbose reify failed optional dependency D:\workspace\MYSdE3E1DnL9f4Fq-grok-workspace\node_modules\@tailwindcss\node\node_modules\lightningcss-darwin-arm64
111 silly reify mark deleted [
111 silly reify   'D:\\workspace\\MYSdE3E1DnL9f4Fq-grok-workspace\\node_modules\\@tailwindcss\\node\\node_modules\\lightningcss-darwin-arm64'
111 silly reify ]
112 verbose reify failed optional dependency D:\workspace\MYSdE3E1DnL9f4Fq-grok-workspace\node_modules\@tailwindcss\node\node_modules\lightningcss-android-arm64
113 silly reify mark deleted [
113 silly reify   'D:\\workspace\\MYSdE3E1DnL9f4Fq-grok-workspace\\node_modules\\@tailwindcss\\node\\node_modules\\lightningcss-android-arm64'
113 silly reify ]
114 http fetch POST 200 https://registry.npmjs.org/-/npm/v1/security/advisories/bulk 272ms
115 silly audit report {
115 silly audit report   'source-map-js': [
115 silly audit report     {
115 silly audit report       id: 1241209,
115 silly audit report       url: 'https://github.com/advisories/GHSA-68fv-2mgg-jv7q',
115 silly audit report       title: 'source-map-js allows event-loop denial of service through indexed source-map section offsets',
115 silly audit report       severity: 'high',
115 silly audit report       vulnerable_versions: '>=1.0.0 <1.2.2',
115 silly audit report       cwe: [Array],
115 silly audit report       cvss: [Object]
115 silly audit report     }
115 silly audit report   ]
115 silly audit report }
116 silly packumentCache corgi:https://registry.npmjs.org/source-map-js cache-miss
117 http fetch GET 200 https://registry.npmjs.org/source-map-js 63ms (cache revalidated)
118 silly packumentCache corgi:https://registry.npmjs.org/source-map-js set size:8534 disposed:false
119 silly packumentCache corgi:https://registry.npmjs.org/@tailwindcss%2fnode cache-miss
120 silly packumentCache corgi:https://registry.npmjs.org/postcss cache-miss
121 http fetch GET 200 https://registry.npmjs.org/postcss 168ms (cache revalidated)
122 silly packumentCache corgi:https://registry.npmjs.org/postcss set size:358671 disposed:false
123 http fetch GET 200 https://registry.npmjs.org/@tailwindcss%2fnode 307ms (cache revalidated)
124 silly packumentCache corgi:https://registry.npmjs.org/@tailwindcss%2fnode set size:831750 disposed:false
125 silly ADD
126 silly ADD
127 silly ADD
128 silly ADD
129 silly ADD
130 silly ADD
131 silly ADD
132 silly ADD
133 silly ADD
134 silly ADD
135 silly ADD
136 silly ADD
137 silly ADD
138 silly ADD
139 silly ADD
140 silly ADD
141 silly ADD
142 silly ADD
143 silly ADD
144 silly ADD
145 silly ADD
146 silly ADD
147 silly ADD
148 silly ADD
149 silly ADD
150 silly ADD
151 silly ADD
152 silly ADD
153 silly ADD
154 silly ADD
155 silly ADD
156 silly ADD
157 silly ADD
158 silly ADD
159 silly ADD
160 silly ADD
161 silly ADD
162 silly ADD
163 silly ADD
164 silly ADD
165 silly ADD
166 silly ADD
167 silly ADD
168 silly ADD
169 silly ADD
170 silly ADD
171 verbose cwd D:\workspace\MYSdE3E1DnL9f4Fq-grok-workspace
172 verbose os Windows_NT 10.0.26300
173 verbose node v22.13.0
174 verbose npm  v11.0.0
175 verbose exit 0
176 info ok
