0 verbose cli C:\Program Files\nodejs\node.exe C:\Users\alcar\AppData\Roaming\npm\node_modules\npm\bin\npm-cli.js
1 info using npm@11.0.0
2 info using node@v22.13.0
3 silly config load:file:C:\Users\alcar\AppData\Roaming\npm\node_modules\npm\npmrc
4 silly config load:file:D:\workspace\MYSdE3E1DnL9f4Fq-grok-workspace\.npmrc
5 silly config load:file:C:\Users\alcar\.npmrc
6 silly config load:file:C:\Users\alcar\AppData\Roaming\npm\etc\npmrc
7 verbose title npm install @tanstack/react-start@1.168.60
8 verbose argv "install" "@tanstack/react-start@1.168.60" "--save-exact" "--cache" ".npm-cache"
9 verbose logfile logs-max:10 dir:D:\workspace\MYSdE3E1DnL9f4Fq-grok-workspace\.npm-cache\_logs\2026-10-08T09_23_03_356Z-
10 verbose logfile D:\workspace\MYSdE3E1DnL9f4Fq-grok-workspace\.npm-cache\_logs\2026-10-08T09_23_03_356Z-debug-0.log
11 silly logfile done cleaning log files
12 silly packumentCache heap:4345298944 maxSize:1086324736 maxEntrySize:543162368
13 silly idealTree buildDeps
14 silly fetch manifest @tanstack/react-start@1.168.60
15 silly packumentCache full:https://registry.npmjs.org/@tanstack%2freact-start cache-miss
16 verbose shrinkwrap failed to load node_modules/.package-lock.json out of date, updated: node_modules
17 http fetch GET 200 https://registry.npmjs.org/npm 600ms
18 http fetch GET 200 https://registry.npmjs.org/@tanstack%2freact-start 857ms (cache miss)
19 silly packumentCache full:https://registry.npmjs.org/@tanstack%2freact-start set size:undefined disposed:false
20 silly fetch manifest @rsbuild/core@^2.0.0
21 silly packumentCache full:https://registry.npmjs.org/@rsbuild%2fcore cache-miss
22 http fetch GET 200 https://registry.npmjs.org/@rsbuild%2fcore 656ms (cache miss)
23 silly packumentCache full:https://registry.npmjs.org/@rsbuild%2fcore set size:undefined disposed:false
24 silly fetch manifest core-js@>= 3.0.0
25 silly packumentCache full:https://registry.npmjs.org/core-js cache-miss
26 http fetch GET 200 https://registry.npmjs.org/core-js 262ms (cache miss)
27 silly packumentCache full:https://registry.npmjs.org/core-js set size:undefined disposed:false
28 silly fetch manifest react@^19.2.0
29 silly packumentCache full:https://registry.npmjs.org/react cache-miss
30 http fetch GET 200 https://registry.npmjs.org/react 886ms (cache miss)
31 silly packumentCache full:https://registry.npmjs.org/react set size:undefined disposed:false
32 silly fetch manifest react-dom@^19.2.0
33 silly packumentCache full:https://registry.npmjs.org/react-dom cache-miss
34 http fetch GET 200 https://registry.npmjs.org/react-dom 1249ms (cache miss)
35 silly packumentCache full:https://registry.npmjs.org/react-dom set size:undefined disposed:false
36 silly fetch manifest vite@^8.2.0
37 silly packumentCache full:https://registry.npmjs.org/vite cache-miss
38 http fetch GET 200 https://registry.npmjs.org/vite 2948ms (cache miss)
39 silly packumentCache full:https://registry.npmjs.org/vite set size:undefined disposed:false
40 silly fetch manifest @types/node@^22.16.5
41 silly packumentCache full:https://registry.npmjs.org/@types%2fnode cache-miss
42 http fetch GET 200 https://registry.npmjs.org/@types%2fnode 1067ms (cache miss)
43 silly packumentCache full:https://registry.npmjs.org/@types%2fnode set size:undefined disposed:false
44 silly fetch manifest @vitejs/devtools@^0.7.1
45 silly packumentCache full:https://registry.npmjs.org/@vitejs%2fdevtools cache-miss
46 http fetch GET 200 https://registry.npmjs.org/@vitejs%2fdevtools 619ms (cache miss)
47 silly packumentCache full:https://registry.npmjs.org/@vitejs%2fdevtools set size:undefined disposed:false
48 silly fetch manifest @vitejs/devtools-oxc@^0.7.6
49 silly packumentCache full:https://registry.npmjs.org/@vitejs%2fdevtools-oxc cache-miss
50 http fetch GET 200 https://registry.npmjs.org/@vitejs%2fdevtools-oxc 377ms (cache miss)
51 silly packumentCache full:https://registry.npmjs.org/@vitejs%2fdevtools-oxc set size:undefined disposed:false
52 silly fetch manifest @vitejs/devtools-rolldown@^0.7.6
53 silly packumentCache full:https://registry.npmjs.org/@vitejs%2fdevtools-rolldown cache-miss
54 http fetch GET 200 https://registry.npmjs.org/@vitejs%2fdevtools-rolldown 581ms (cache miss)
55 silly packumentCache full:https://registry.npmjs.org/@vitejs%2fdevtools-rolldown set size:undefined disposed:false
56 silly fetch manifest @vitejs/devtools-vite@^0.7.6
57 silly packumentCache full:https://registry.npmjs.org/@vitejs%2fdevtools-vite cache-miss
58 http fetch GET 200 https://registry.npmjs.org/@vitejs%2fdevtools-vite 167ms (cache miss)
59 silly packumentCache full:https://registry.npmjs.org/@vitejs%2fdevtools-vite set size:undefined disposed:false
60 silly fetch manifest @vitejs/devtools-vitest@^0.7.6
61 silly packumentCache full:https://registry.npmjs.org/@vitejs%2fdevtools-vitest cache-miss
62 http fetch GET 200 https://registry.npmjs.org/@vitejs%2fdevtools-vitest 148ms (cache miss)
63 silly packumentCache full:https://registry.npmjs.org/@vitejs%2fdevtools-vitest set size:undefined disposed:false
64 silly fetch manifest vitest@*
65 silly packumentCache full:https://registry.npmjs.org/vitest cache-miss
66 http fetch GET 200 https://registry.npmjs.org/vitest 473ms (cache miss)
67 silly packumentCache full:https://registry.npmjs.org/vitest set size:undefined disposed:false
68 silly fetch manifest @edge-runtime/vm@*
69 silly packumentCache full:https://registry.npmjs.org/@edge-runtime%2fvm cache-miss
70 http fetch GET 200 https://registry.npmjs.org/@edge-runtime%2fvm 586ms (cache miss)
71 silly packumentCache full:https://registry.npmjs.org/@edge-runtime%2fvm set size:undefined disposed:false
72 silly fetch manifest @opentelemetry/api@^1.9.0
73 silly packumentCache full:https://registry.npmjs.org/@opentelemetry%2fapi cache-miss
74 http fetch GET 200 https://registry.npmjs.org/@opentelemetry%2fapi 164ms (cache miss)
75 silly packumentCache full:https://registry.npmjs.org/@opentelemetry%2fapi set size:undefined disposed:false
76 silly fetch manifest @vitest/browser-playwright@5.0.3
77 silly packumentCache full:https://registry.npmjs.org/@vitest%2fbrowser-playwright cache-miss
78 http fetch GET 200 https://registry.npmjs.org/@vitest%2fbrowser-playwright 572ms (cache miss)
79 silly packumentCache full:https://registry.npmjs.org/@vitest%2fbrowser-playwright set size:undefined disposed:false
80 silly fetch manifest playwright@^1.62.0
81 silly packumentCache full:https://registry.npmjs.org/playwright cache-miss
82 http fetch GET 200 https://registry.npmjs.org/playwright 2740ms (cache miss)
83 silly packumentCache full:https://registry.npmjs.org/playwright set size:undefined disposed:false
84 silly fetch manifest @vitest/browser-preview@5.0.3
85 silly packumentCache full:https://registry.npmjs.org/@vitest%2fbrowser-preview cache-miss
86 http fetch GET 200 https://registry.npmjs.org/@vitest%2fbrowser-preview 576ms (cache miss)
87 silly packumentCache full:https://registry.npmjs.org/@vitest%2fbrowser-preview set size:undefined disposed:false
88 silly fetch manifest @vitest/browser-webdriverio@^5.0.0-beta.5 || >=5.0.0
89 silly packumentCache full:https://registry.npmjs.org/@vitest%2fbrowser-webdriverio cache-miss
90 http fetch GET 200 https://registry.npmjs.org/@vitest%2fbrowser-webdriverio 178ms (cache miss)
91 silly packumentCache full:https://registry.npmjs.org/@vitest%2fbrowser-webdriverio set size:undefined disposed:false
92 silly fetch manifest webdriverio@*
93 silly packumentCache full:https://registry.npmjs.org/webdriverio cache-miss
94 http fetch GET 200 https://registry.npmjs.org/webdriverio 443ms (cache miss)
95 silly packumentCache full:https://registry.npmjs.org/webdriverio set size:undefined disposed:false
96 silly fetch manifest puppeteer-core@>=22.x <=24.x
97 silly packumentCache full:https://registry.npmjs.org/puppeteer-core cache-miss
98 http fetch GET 200 https://registry.npmjs.org/puppeteer-core 387ms (cache miss)
99 silly packumentCache full:https://registry.npmjs.org/puppeteer-core set size:undefined disposed:false
100 silly fetch manifest @vitest/coverage-istanbul@5.0.3
101 silly packumentCache full:https://registry.npmjs.org/@vitest%2fcoverage-istanbul cache-miss
102 http fetch GET 200 https://registry.npmjs.org/@vitest%2fcoverage-istanbul 484ms (cache miss)
103 silly packumentCache full:https://registry.npmjs.org/@vitest%2fcoverage-istanbul set size:undefined disposed:false
104 silly fetch manifest @vitest/coverage-v8@5.0.3
105 silly packumentCache full:https://registry.npmjs.org/@vitest%2fcoverage-v8 cache-miss
106 http fetch GET 200 https://registry.npmjs.org/@vitest%2fcoverage-v8 451ms (cache miss)
107 silly packumentCache full:https://registry.npmjs.org/@vitest%2fcoverage-v8 set size:undefined disposed:false
108 silly fetch manifest @vitest/browser@5.0.3
109 silly packumentCache full:https://registry.npmjs.org/@vitest%2fbrowser cache-miss
110 http fetch GET 200 https://registry.npmjs.org/@vitest%2fbrowser 247ms (cache miss)
111 silly packumentCache full:https://registry.npmjs.org/@vitest%2fbrowser set size:undefined disposed:false
112 silly fetch manifest @vitest/ui@5.0.3
113 silly packumentCache full:https://registry.npmjs.org/@vitest%2fui cache-miss
114 http fetch GET 200 https://registry.npmjs.org/@vitest%2fui 530ms (cache miss)
115 silly packumentCache full:https://registry.npmjs.org/@vitest%2fui set size:undefined disposed:false
116 silly fetch manifest happy-dom@*
117 silly packumentCache full:https://registry.npmjs.org/happy-dom cache-miss
118 http fetch GET 200 https://registry.npmjs.org/happy-dom 643ms (cache miss)
119 silly packumentCache full:https://registry.npmjs.org/happy-dom set size:undefined disposed:false
120 silly fetch manifest jsdom@*
121 silly packumentCache full:https://registry.npmjs.org/jsdom cache-miss
122 http fetch GET 200 https://registry.npmjs.org/jsdom 364ms (cache miss)
123 silly packumentCache full:https://registry.npmjs.org/jsdom set size:undefined disposed:false
124 silly fetch manifest canvas@^3.0.0
125 silly packumentCache full:https://registry.npmjs.org/canvas cache-miss
126 http fetch GET 200 https://registry.npmjs.org/canvas 314ms (cache miss)
127 silly packumentCache full:https://registry.npmjs.org/canvas set size:undefined disposed:false
128 silly fetch manifest esbuild@^0.27.0 || ^0.28.0
129 silly packumentCache full:https://registry.npmjs.org/esbuild cache-miss
130 http fetch GET 200 https://registry.npmjs.org/esbuild 315ms (cache miss)
131 silly packumentCache full:https://registry.npmjs.org/esbuild set size:undefined disposed:false
132 silly fetch manifest jiti@>=1.21.0
133 silly packumentCache full:https://registry.npmjs.org/jiti cache-miss
134 http fetch GET 200 https://registry.npmjs.org/jiti 109ms (cache miss)
135 silly packumentCache full:https://registry.npmjs.org/jiti set size:undefined disposed:false
136 silly fetch manifest less@^4.0.0
137 silly packumentCache full:https://registry.npmjs.org/less cache-miss
138 http fetch GET 200 https://registry.npmjs.org/less 160ms (cache miss)
139 silly packumentCache full:https://registry.npmjs.org/less set size:undefined disposed:false
140 silly fetch manifest sass@^1.70.0
141 silly packumentCache full:https://registry.npmjs.org/sass cache-miss
142 http fetch GET 200 https://registry.npmjs.org/sass 266ms (cache miss)
143 silly packumentCache full:https://registry.npmjs.org/sass set size:undefined disposed:false
144 silly fetch manifest sass-embedded@^1.70.0
145 silly packumentCache full:https://registry.npmjs.org/sass-embedded cache-miss
146 http fetch GET 200 https://registry.npmjs.org/sass-embedded 286ms (cache miss)
147 silly packumentCache full:https://registry.npmjs.org/sass-embedded set size:undefined disposed:false
148 silly fetch manifest stylus@>=0.54.8
149 silly packumentCache full:https://registry.npmjs.org/stylus cache-miss
150 http fetch GET 200 https://registry.npmjs.org/stylus 298ms (cache miss)
151 silly packumentCache full:https://registry.npmjs.org/stylus set size:undefined disposed:false
152 silly fetch manifest sugarss@^5.0.0
153 silly packumentCache full:https://registry.npmjs.org/sugarss cache-miss
154 http fetch GET 200 https://registry.npmjs.org/sugarss 298ms (cache miss)
155 silly packumentCache full:https://registry.npmjs.org/sugarss set size:undefined disposed:false
156 silly fetch manifest postcss@^8.3.3
157 silly packumentCache full:https://registry.npmjs.org/postcss cache-miss
158 http fetch GET 200 https://registry.npmjs.org/postcss 211ms (cache miss)
159 silly packumentCache full:https://registry.npmjs.org/postcss set size:undefined disposed:false
160 silly fetch manifest terser@^5.16.0
161 silly packumentCache full:https://registry.npmjs.org/terser cache-miss
162 http fetch GET 200 https://registry.npmjs.org/terser 382ms (cache miss)
163 silly packumentCache full:https://registry.npmjs.org/terser set size:undefined disposed:false
164 silly fetch manifest tsx@^4.8.1
165 silly packumentCache full:https://registry.npmjs.org/tsx cache-miss
166 http fetch GET 200 https://registry.npmjs.org/tsx 96ms (cache miss)
167 silly packumentCache full:https://registry.npmjs.org/tsx set size:undefined disposed:false
168 silly fetch manifest yaml@^2.4.2
169 silly packumentCache full:https://registry.npmjs.org/yaml cache-miss
170 http fetch GET 200 https://registry.npmjs.org/yaml 164ms (cache miss)
171 silly packumentCache full:https://registry.npmjs.org/yaml set size:undefined disposed:false
172 silly placeDep ROOT @tanstack/react-start@1.168.60 REPLACE for:  want: 1.168.60
173 silly fetch manifest @tanstack/react-router@1.170.41
174 silly packumentCache full:https://registry.npmjs.org/@tanstack%2freact-router cache-miss
175 silly fetch manifest @tanstack/react-start-rsc@0.1.59
176 silly packumentCache full:https://registry.npmjs.org/@tanstack%2freact-start-rsc cache-miss
177 silly fetch manifest @tanstack/start-client-core@1.170.34
178 silly packumentCache full:https://registry.npmjs.org/@tanstack%2fstart-client-core cache-miss
179 silly fetch manifest @tanstack/start-plugin-core@1.171.49
180 silly packumentCache full:https://registry.npmjs.org/@tanstack%2fstart-plugin-core cache-miss
181 silly fetch manifest @tanstack/start-server-core@1.169.39
182 silly packumentCache full:https://registry.npmjs.org/@tanstack%2fstart-server-core cache-miss
183 silly fetch manifest @tanstack/react-start-client@1.168.39
184 silly packumentCache full:https://registry.npmjs.org/@tanstack%2freact-start-client cache-miss
185 silly fetch manifest @tanstack/react-start-server@1.167.46
186 silly packumentCache full:https://registry.npmjs.org/@tanstack%2freact-start-server cache-miss
187 http fetch GET 200 https://registry.npmjs.org/@tanstack%2fstart-server-core 847ms (cache miss)
188 silly packumentCache full:https://registry.npmjs.org/@tanstack%2fstart-server-core set size:undefined disposed:false
189 http fetch GET 200 https://registry.npmjs.org/@tanstack%2freact-start-rsc 874ms (cache miss)
190 silly packumentCache full:https://registry.npmjs.org/@tanstack%2freact-start-rsc set size:undefined disposed:false
191 http fetch GET 200 https://registry.npmjs.org/@tanstack%2freact-router 879ms (cache miss)
192 silly packumentCache full:https://registry.npmjs.org/@tanstack%2freact-router set size:undefined disposed:false
193 http fetch GET 200 https://registry.npmjs.org/@tanstack%2freact-start-server 930ms (cache miss)
194 silly packumentCache full:https://registry.npmjs.org/@tanstack%2freact-start-server set size:undefined disposed:false
195 http fetch GET 200 https://registry.npmjs.org/@tanstack%2fstart-plugin-core 972ms (cache miss)
196 silly packumentCache full:https://registry.npmjs.org/@tanstack%2fstart-plugin-core set size:undefined disposed:false
197 http fetch GET 200 https://registry.npmjs.org/@tanstack%2freact-start-client 1108ms (cache miss)
198 silly packumentCache full:https://registry.npmjs.org/@tanstack%2freact-start-client set size:undefined disposed:false
199 http fetch GET 200 https://registry.npmjs.org/@tanstack%2fstart-client-core 1118ms (cache miss)
200 silly packumentCache full:https://registry.npmjs.org/@tanstack%2fstart-client-core set size:undefined disposed:false
201 silly fetch manifest ajv@^8.12.0
202 silly packumentCache full:https://registry.npmjs.org/ajv cache-miss
203 http fetch GET 200 https://registry.npmjs.org/ajv 231ms (cache miss)
204 silly packumentCache full:https://registry.npmjs.org/ajv set size:undefined disposed:false
205 silly placeDep ROOT ajv@8.20.0 REPLACE for: @hookform/resolvers@5.9.1 want: ^8.12.0
206 silly fetch manifest fast-uri@^3.0.1
207 silly packumentCache full:https://registry.npmjs.org/fast-uri cache-miss
208 silly fetch manifest json-schema-traverse@^1.0.0
209 silly packumentCache full:https://registry.npmjs.org/json-schema-traverse cache-miss
210 silly fetch manifest require-from-string@^2.0.2
211 silly packumentCache full:https://registry.npmjs.org/require-from-string cache-miss
212 http fetch GET 200 https://registry.npmjs.org/json-schema-traverse 88ms (cache miss)
213 silly packumentCache full:https://registry.npmjs.org/json-schema-traverse set size:undefined disposed:false
214 http fetch GET 200 https://registry.npmjs.org/fast-uri 118ms (cache miss)
215 silly packumentCache full:https://registry.npmjs.org/fast-uri set size:undefined disposed:false
216 http fetch GET 200 https://registry.npmjs.org/require-from-string 355ms (cache miss)
217 silly packumentCache full:https://registry.npmjs.org/require-from-string set size:undefined disposed:false
218 silly fetch manifest ajv@^6.14.0
219 silly packumentCache full:https://registry.npmjs.org/ajv cache-miss
220 http cache https://registry.npmjs.org/ajv 46ms (cache hit)
221 silly packumentCache full:https://registry.npmjs.org/ajv set size:1142658 disposed:false
222 silly placeDep node_modules/@eslint/eslintrc ajv@6.15.0 OK for: @eslint/eslintrc@3.3.7 want: ^6.14.0
223 silly fetch manifest uri-js@^4.2.2
224 silly packumentCache full:https://registry.npmjs.org/uri-js cache-miss
225 silly fetch manifest json-schema-traverse@^0.4.1
226 silly packumentCache full:https://registry.npmjs.org/json-schema-traverse cache-miss
227 silly fetch manifest fast-json-stable-stringify@^2.0.0
228 silly packumentCache full:https://registry.npmjs.org/fast-json-stable-stringify cache-miss
229 http cache https://registry.npmjs.org/json-schema-traverse 17ms (cache hit)
230 silly packumentCache full:https://registry.npmjs.org/json-schema-traverse set size:23537 disposed:false
231 http fetch GET 200 https://registry.npmjs.org/uri-js 615ms (cache miss)
232 silly packumentCache full:https://registry.npmjs.org/uri-js set size:undefined disposed:false
233 http fetch GET 200 https://registry.npmjs.org/fast-json-stable-stringify 653ms (cache miss)
234 silly packumentCache full:https://registry.npmjs.org/fast-json-stable-stringify set size:undefined disposed:false
235 silly fetch manifest react@>=18.0.0 || >=19.0.0
236 silly packumentCache full:https://registry.npmjs.org/react cache-miss
237 http cache https://registry.npmjs.org/react 51ms (cache hit)
238 silly packumentCache full:https://registry.npmjs.org/react set size:7026094 disposed:false
239 silly fetch manifest react-dom@>=18.0.0 || >=19.0.0
240 silly packumentCache full:https://registry.npmjs.org/react-dom cache-miss
241 http cache https://registry.npmjs.org/react-dom 53ms (cache hit)
242 silly packumentCache full:https://registry.npmjs.org/react-dom set size:9470678 disposed:false
243 silly fetch manifest @rspack/core@>=2.0.0-0
244 silly packumentCache full:https://registry.npmjs.org/@rspack%2fcore cache-miss
245 http fetch GET 200 https://registry.npmjs.org/@rspack%2fcore 473ms (cache miss)
246 silly packumentCache full:https://registry.npmjs.org/@rspack%2fcore set size:undefined disposed:false
247 silly fetch manifest @module-federation/runtime-tools@^0.24.1 || ^2.0.0
248 silly packumentCache full:https://registry.npmjs.org/@module-federation%2fruntime-tools cache-miss
249 http fetch GET 200 https://registry.npmjs.org/@module-federation%2fruntime-tools 638ms (cache miss)
250 silly packumentCache full:https://registry.npmjs.org/@module-federation%2fruntime-tools set size:undefined disposed:false
251 silly fetch manifest @swc/helpers@^0.5.23
252 silly packumentCache full:https://registry.npmjs.org/@swc%2fhelpers cache-miss
253 http fetch GET 200 https://registry.npmjs.org/@swc%2fhelpers 142ms (cache miss)
254 silly packumentCache full:https://registry.npmjs.org/@swc%2fhelpers set size:undefined disposed:false
255 silly fetch manifest @vitejs/plugin-rsc@>=0.5.30
256 silly packumentCache full:https://registry.npmjs.org/@vitejs%2fplugin-rsc cache-miss
257 http fetch GET 200 https://registry.npmjs.org/@vitejs%2fplugin-rsc 544ms (cache miss)
258 silly packumentCache full:https://registry.npmjs.org/@vitejs%2fplugin-rsc set size:undefined disposed:false
259 silly fetch manifest react-server-dom-webpack@*
260 silly packumentCache full:https://registry.npmjs.org/react-server-dom-webpack cache-miss
261 http fetch GET 200 https://registry.npmjs.org/react-server-dom-webpack 664ms (cache miss)
262 silly packumentCache full:https://registry.npmjs.org/react-server-dom-webpack set size:undefined disposed:false
263 silly fetch manifest webpack@^5.59.0
264 silly packumentCache full:https://registry.npmjs.org/webpack cache-miss
265 http fetch GET 200 https://registry.npmjs.org/webpack 616ms (cache miss)
266 silly packumentCache full:https://registry.npmjs.org/webpack set size:undefined disposed:false
267 silly fetch manifest vite@>=7.0.0
268 silly packumentCache full:https://registry.npmjs.org/vite cache-miss
269 http cache https://registry.npmjs.org/vite 72ms (cache hit)
270 silly packumentCache full:https://registry.npmjs.org/vite set size:38982259 disposed:false
271 silly fetch manifest @types/node@^20.19.0 || >=22.12.0
272 silly packumentCache full:https://registry.npmjs.org/@types%2fnode cache-miss
273 http cache https://registry.npmjs.org/@types%2fnode 101ms (cache hit)
274 silly packumentCache full:https://registry.npmjs.org/@types%2fnode set size:11171832 disposed:false
275 silly fetch manifest playwright@*
276 silly packumentCache full:https://registry.npmjs.org/playwright cache-miss
277 http cache https://registry.npmjs.org/playwright 45ms (cache hit)
278 silly packumentCache full:https://registry.npmjs.org/playwright set size:16863944 disposed:false
279 silly fetch manifest react-server-dom-rspack@>=0.0.2
280 silly packumentCache full:https://registry.npmjs.org/react-server-dom-rspack cache-miss
281 http fetch GET 200 https://registry.npmjs.org/react-server-dom-rspack 323ms (cache miss)
282 silly packumentCache full:https://registry.npmjs.org/react-server-dom-rspack set size:undefined disposed:false
283 silly placeDep ROOT @tanstack/react-router@1.170.41 REPLACE for: @tanstack/react-start@1.168.60 want: 1.170.41
284 silly placeDep ROOT @tanstack/react-start-client@1.168.39 OK for: @tanstack/react-start@1.168.60 want: 1.168.39
285 silly placeDep ROOT @tanstack/react-start-rsc@0.1.59 OK for: @tanstack/react-start@1.168.60 want: 0.1.59
286 silly placeDep ROOT @tanstack/react-start-server@1.167.46 OK for: @tanstack/react-start@1.168.60 want: 1.167.46
287 silly placeDep ROOT @tanstack/start-client-core@1.170.34 OK for: @tanstack/react-start@1.168.60 want: 1.170.34
288 silly placeDep ROOT @tanstack/start-plugin-core@1.171.49 OK for: @tanstack/react-start@1.168.60 want: 1.171.49
289 silly placeDep ROOT @tanstack/start-server-core@1.169.39 OK for: @tanstack/react-start@1.168.60 want: 1.169.39
290 silly fetch manifest @tanstack/react-store@^0.11.2
291 silly packumentCache full:https://registry.npmjs.org/@tanstack%2freact-store cache-miss
292 silly fetch manifest @tanstack/router-core@1.171.34
293 silly packumentCache full:https://registry.npmjs.org/@tanstack%2frouter-core cache-miss
294 silly fetch manifest @tanstack/router-core@1.171.34
295 silly packumentCache full:https://registry.npmjs.org/@tanstack%2frouter-core cache-miss
296 silly fetch manifest @tanstack/router-core@1.171.34
297 silly packumentCache full:https://registry.npmjs.org/@tanstack%2frouter-core cache-miss
298 silly fetch manifest @tanstack/start-fn-stubs@1.162.0
299 silly packumentCache full:https://registry.npmjs.org/@tanstack%2fstart-fn-stubs cache-miss
300 silly fetch manifest @tanstack/start-storage-context@1.167.36
301 silly packumentCache full:https://registry.npmjs.org/@tanstack%2fstart-storage-context cache-miss
302 silly fetch manifest @tanstack/router-core@1.171.34
303 silly packumentCache full:https://registry.npmjs.org/@tanstack%2frouter-core cache-miss
304 silly fetch manifest @tanstack/router-core@1.171.34
305 silly packumentCache full:https://registry.npmjs.org/@tanstack%2frouter-core cache-miss
306 silly fetch manifest @tanstack/start-fn-stubs@1.162.0
307 silly packumentCache full:https://registry.npmjs.org/@tanstack%2fstart-fn-stubs cache-miss
308 silly fetch manifest @tanstack/start-storage-context@1.167.36
309 silly packumentCache full:https://registry.npmjs.org/@tanstack%2fstart-storage-context cache-miss
310 silly fetch manifest ufo@^1.6.4
311 silly packumentCache full:https://registry.npmjs.org/ufo cache-miss
312 http fetch GET 200 https://registry.npmjs.org/@tanstack%2freact-store 115ms (cache miss)
313 silly packumentCache full:https://registry.npmjs.org/@tanstack%2freact-store set size:undefined disposed:false
314 silly fetch manifest vitefu@^1.1.3
315 silly packumentCache full:https://registry.npmjs.org/vitefu cache-miss
316 http fetch GET 200 https://registry.npmjs.org/vitefu 112ms (cache miss)
317 silly packumentCache full:https://registry.npmjs.org/vitefu set size:undefined disposed:false
318 silly fetch manifest source-map@^0.7.6
319 silly packumentCache full:https://registry.npmjs.org/source-map cache-miss
320 http fetch GET 200 https://registry.npmjs.org/ufo 302ms (cache miss)
321 silly packumentCache full:https://registry.npmjs.org/ufo set size:undefined disposed:false
322 silly fetch manifest xmlbuilder2@^4.0.3
323 silly packumentCache full:https://registry.npmjs.org/xmlbuilder2 cache-miss
324 http fetch GET 200 https://registry.npmjs.org/source-map 127ms (cache miss)
325 silly packumentCache full:https://registry.npmjs.org/source-map set size:undefined disposed:false
326 silly fetch manifest @tanstack/router-core@1.171.34
327 silly packumentCache full:https://registry.npmjs.org/@tanstack%2frouter-core cache-miss
328 http fetch GET 200 https://registry.npmjs.org/@tanstack%2fstart-fn-stubs 1023ms (cache miss)
329 silly packumentCache full:https://registry.npmjs.org/@tanstack%2fstart-fn-stubs set size:undefined disposed:false
330 silly fetch manifest @tanstack/router-plugin@1.168.42
331 silly packumentCache full:https://registry.npmjs.org/@tanstack%2frouter-plugin cache-miss
332 http fetch GET 200 https://registry.npmjs.org/@tanstack%2frouter-core 1024ms (cache miss)
333 silly packumentCache full:https://registry.npmjs.org/@tanstack%2frouter-core set size:undefined disposed:false
334 silly fetch manifest @tanstack/router-generator@1.167.40
335 silly packumentCache full:https://registry.npmjs.org/@tanstack%2frouter-generator cache-miss
336 http fetch GET 200 https://registry.npmjs.org/@tanstack%2frouter-core 1033ms (cache miss)
337 silly packumentCache full:https://registry.npmjs.org/@tanstack%2frouter-core set size:undefined disposed:false
338 silly fetch manifest h3-v2@npm:h3@2.0.1-rc.20
339 silly packumentCache full:https://registry.npmjs.org/h3 cache-miss
340 http fetch GET 200 https://registry.npmjs.org/@tanstack%2frouter-core 1043ms (cache miss)
341 silly packumentCache full:https://registry.npmjs.org/@tanstack%2frouter-core set size:undefined disposed:false
342 silly fetch manifest fetchdts@^0.1.6
343 silly packumentCache full:https://registry.npmjs.org/fetchdts cache-miss
344 http fetch GET 200 https://registry.npmjs.org/@tanstack%2fstart-fn-stubs 1054ms (cache miss)
345 silly packumentCache full:https://registry.npmjs.org/@tanstack%2fstart-fn-stubs set size:undefined disposed:false
346 silly fetch manifest @tanstack/start-storage-context@1.167.36
347 silly packumentCache full:https://registry.npmjs.org/@tanstack%2fstart-storage-context cache-miss
348 http fetch GET 200 https://registry.npmjs.org/xmlbuilder2 751ms (cache miss)
349 silly packumentCache full:https://registry.npmjs.org/xmlbuilder2 set size:undefined disposed:false
350 http fetch GET 200 https://registry.npmjs.org/@tanstack%2frouter-core 1069ms (cache miss)
351 silly packumentCache full:https://registry.npmjs.org/@tanstack%2frouter-core set size:undefined disposed:false
352 http fetch GET 200 https://registry.npmjs.org/@tanstack%2frouter-core 723ms (cache miss)
353 silly packumentCache full:https://registry.npmjs.org/@tanstack%2frouter-core set size:undefined disposed:false
354 http fetch GET 200 https://registry.npmjs.org/@tanstack%2fstart-storage-context 1130ms (cache miss)
355 silly packumentCache full:https://registry.npmjs.org/@tanstack%2fstart-storage-context set size:undefined disposed:false
356 http fetch GET 200 https://registry.npmjs.org/@tanstack%2fstart-storage-context 1283ms (cache miss)
357 silly packumentCache full:https://registry.npmjs.org/@tanstack%2fstart-storage-context set size:undefined disposed:false
358 http fetch GET 200 https://registry.npmjs.org/@tanstack%2frouter-core 1425ms (cache miss)
359 silly packumentCache full:https://registry.npmjs.org/@tanstack%2frouter-core set size:undefined disposed:false
360 http fetch GET 200 https://registry.npmjs.org/@tanstack%2fstart-storage-context 380ms (cache miss)
361 silly packumentCache full:https://registry.npmjs.org/@tanstack%2fstart-storage-context set size:undefined disposed:false
362 http fetch GET 200 https://registry.npmjs.org/fetchdts 391ms (cache miss)
363 silly packumentCache full:https://registry.npmjs.org/fetchdts set size:undefined disposed:false
364 http fetch GET 200 https://registry.npmjs.org/h3 424ms (cache miss)
365 silly packumentCache full:https://registry.npmjs.org/h3 set size:undefined disposed:false
366 http fetch GET 200 https://registry.npmjs.org/@tanstack%2frouter-plugin 650ms (cache miss)
367 silly packumentCache full:https://registry.npmjs.org/@tanstack%2frouter-plugin set size:undefined disposed:false
368 http fetch GET 200 https://registry.npmjs.org/@tanstack%2frouter-generator 758ms (cache miss)
369 silly packumentCache full:https://registry.npmjs.org/@tanstack%2frouter-generator set size:undefined disposed:false
370 silly placeDep ROOT @tanstack/react-store@0.11.2 OK for: @tanstack/react-router@1.170.41 want: ^0.11.2
371 silly placeDep node_modules/@tanstack/react-router @tanstack/router-core@1.171.34 OK for: @tanstack/react-router@1.170.41 want: 1.171.34
372 silly fetch manifest @tanstack/store@0.11.2
373 silly packumentCache full:https://registry.npmjs.org/@tanstack%2fstore cache-miss
374 http fetch GET 200 https://registry.npmjs.org/@tanstack%2fstore 436ms (cache miss)
375 silly packumentCache full:https://registry.npmjs.org/@tanstack%2fstore set size:undefined disposed:false
376 silly placeDep node_modules/@tanstack/react-start-client @tanstack/router-core@1.171.34 OK for: @tanstack/react-start-client@1.168.39 want: 1.171.34
377 silly placeDep node_modules/@tanstack/react-start-rsc @tanstack/router-core@1.171.34 OK for: @tanstack/react-start-rsc@0.1.59 want: 1.171.34
378 silly placeDep ROOT @tanstack/start-fn-stubs@1.162.0 OK for: @tanstack/react-start-rsc@0.1.59 want: 1.162.0
379 silly placeDep ROOT @tanstack/start-storage-context@1.167.36 OK for: @tanstack/react-start-rsc@0.1.59 want: 1.167.36
380 silly placeDep node_modules/@tanstack/react-start-server @tanstack/router-core@1.171.34 OK for: @tanstack/react-start-server@1.167.46 want: 1.171.34
381 silly placeDep ROOT @tanstack/store@0.11.2 OK for: @tanstack/react-store@0.11.2 want: 0.11.2
382 silly placeDep node_modules/@tanstack/start-client-core @tanstack/router-core@1.171.34 OK for: @tanstack/start-client-core@1.170.34 want: 1.171.34
383 silly fetch manifest @tanstack/react-router@^1.170.41
384 silly packumentCache full:https://registry.npmjs.org/@tanstack%2freact-router cache-miss
385 http cache https://registry.npmjs.org/@tanstack%2freact-router 32ms (cache hit)
386 silly packumentCache full:https://registry.npmjs.org/@tanstack%2freact-router set size:3728100 disposed:false
387 silly fetch manifest vite-plugin-solid@^2.11.10 || ^3.0.0-0
388 silly packumentCache full:https://registry.npmjs.org/vite-plugin-solid cache-miss
389 http fetch GET 200 https://registry.npmjs.org/vite-plugin-solid 345ms (cache miss)
390 silly packumentCache full:https://registry.npmjs.org/vite-plugin-solid set size:undefined disposed:false
391 silly fetch manifest @testing-library/jest-dom@^5.16.6 || ^5.17.0 || ^6.0.0 || ^7.0.0
392 silly packumentCache full:https://registry.npmjs.org/@testing-library%2fjest-dom cache-miss
393 http fetch GET 200 https://registry.npmjs.org/@testing-library%2fjest-dom 130ms (cache miss)
394 silly packumentCache full:https://registry.npmjs.org/@testing-library%2fjest-dom set size:undefined disposed:false
395 silly fetch manifest @testing-library/dom@>=10 <11
396 silly packumentCache full:https://registry.npmjs.org/@testing-library%2fdom cache-miss
397 http fetch GET 200 https://registry.npmjs.org/@testing-library%2fdom 471ms (cache miss)
398 silly packumentCache full:https://registry.npmjs.org/@testing-library%2fdom set size:undefined disposed:false
399 silly fetch manifest solid-js@^1.7.2
400 silly packumentCache full:https://registry.npmjs.org/solid-js cache-miss
401 http fetch GET 200 https://registry.npmjs.org/solid-js 570ms (cache miss)
402 silly packumentCache full:https://registry.npmjs.org/solid-js set size:undefined disposed:false
403 silly fetch manifest webpack@>=5.92.0
404 silly packumentCache full:https://registry.npmjs.org/webpack cache-miss
405 http cache https://registry.npmjs.org/webpack 23ms (cache hit)
406 silly packumentCache full:https://registry.npmjs.org/webpack set size:5200717 disposed:false
407 silly placeDep node_modules/@tanstack/start-plugin-core @tanstack/router-core@1.171.34 OK for: @tanstack/start-plugin-core@1.171.49 want: 1.171.34
408 silly placeDep node_modules/@tanstack/start-plugin-core @tanstack/router-generator@1.167.40 OK for: @tanstack/start-plugin-core@1.171.49 want: 1.167.40
409 silly placeDep ROOT @tanstack/router-plugin@1.168.42 REPLACE for: @tanstack/start-plugin-core@1.171.49 want: 1.168.42
410 silly placeDep ROOT source-map@0.7.6 OK for: @tanstack/start-plugin-core@1.171.49 want: ^0.7.6
411 silly placeDep ROOT ufo@1.6.4 OK for: @tanstack/start-plugin-core@1.171.49 want: ^1.6.4
412 silly placeDep ROOT vitefu@1.1.3 OK for: @tanstack/start-plugin-core@1.171.49 want: ^1.1.3
413 silly placeDep ROOT xmlbuilder2@4.0.3 OK for: @tanstack/start-plugin-core@1.171.49 want: ^4.0.3
414 silly fetch manifest @oozcitak/dom@^2.0.2
415 silly packumentCache full:https://registry.npmjs.org/@oozcitak%2fdom cache-miss
416 silly fetch manifest @oozcitak/infra@^2.0.2
417 silly packumentCache full:https://registry.npmjs.org/@oozcitak%2finfra cache-miss
418 silly fetch manifest @oozcitak/util@^10.0.0
419 silly packumentCache full:https://registry.npmjs.org/@oozcitak%2futil cache-miss
420 http fetch GET 200 https://registry.npmjs.org/@oozcitak%2finfra 169ms (cache miss)
421 silly packumentCache full:https://registry.npmjs.org/@oozcitak%2finfra set size:undefined disposed:false
422 http fetch GET 200 https://registry.npmjs.org/@oozcitak%2futil 393ms (cache miss)
423 silly packumentCache full:https://registry.npmjs.org/@oozcitak%2futil set size:undefined disposed:false
424 http fetch GET 200 https://registry.npmjs.org/@oozcitak%2fdom 594ms (cache miss)
425 silly packumentCache full:https://registry.npmjs.org/@oozcitak%2fdom set size:undefined disposed:false
426 silly placeDep ROOT @tanstack/router-core@1.171.34 OK for: @tanstack/router-plugin@1.168.42 want: 1.171.34
427 silly placeDep ROOT @tanstack/router-generator@1.167.40 OK for: @tanstack/router-plugin@1.168.42 want: 1.167.40
428 silly fetch manifest crossws@^0.4.1
429 silly packumentCache full:https://registry.npmjs.org/crossws cache-miss
430 http fetch GET 200 https://registry.npmjs.org/crossws 135ms (cache miss)
431 silly packumentCache full:https://registry.npmjs.org/crossws set size:undefined disposed:false
432 silly fetch manifest srvx@>=0.11.5
433 silly packumentCache full:https://registry.npmjs.org/srvx cache-miss
434 http fetch GET 200 https://registry.npmjs.org/srvx 308ms (cache miss)
435 silly packumentCache full:https://registry.npmjs.org/srvx set size:undefined disposed:false
436 silly placeDep ROOT fetchdts@0.1.7 OK for: @tanstack/start-server-core@1.169.39 want: ^0.1.6
437 silly placeDep ROOT h3-v2@2.0.1-rc.20 OK for: @tanstack/start-server-core@1.169.39 want: npm:h3@2.0.1-rc.20
438 silly fetch manifest rou3@^0.8.1
439 silly packumentCache full:https://registry.npmjs.org/rou3 cache-miss
440 http fetch GET 200 https://registry.npmjs.org/rou3 294ms (cache miss)
441 silly packumentCache full:https://registry.npmjs.org/rou3 set size:undefined disposed:false
442 silly placeDep ROOT fast-uri@3.1.8 OK for: ajv@8.20.0 want: ^3.0.1
443 silly placeDep ROOT json-schema-traverse@1.0.0 OK for: ajv@8.20.0 want: ^1.0.0
444 silly placeDep ROOT require-from-string@2.0.2 OK for: ajv@8.20.0 want: ^2.0.2
445 silly placeDep node_modules/eslint ajv@6.15.0 OK for: eslint@9.39.5 want: ^6.14.0
446 silly placeDep node_modules/h3-v2 rou3@0.8.1 OK for: h3@2.0.1-rc.20 want: ^0.8.1
447 silly placeDep ROOT @oozcitak/dom@2.0.2 OK for: xmlbuilder2@4.0.3 want: ^2.0.2
448 silly placeDep ROOT @oozcitak/infra@2.0.2 OK for: xmlbuilder2@4.0.3 want: ^2.0.2
449 silly placeDep ROOT @oozcitak/util@10.0.0 OK for: xmlbuilder2@4.0.3 want: ^10.0.0
450 silly fetch manifest @oozcitak/url@^3.0.0
451 silly packumentCache full:https://registry.npmjs.org/@oozcitak%2furl cache-miss
452 http fetch GET 200 https://registry.npmjs.org/@oozcitak%2furl 424ms (cache miss)
453 silly packumentCache full:https://registry.npmjs.org/@oozcitak%2furl set size:undefined disposed:false
454 silly placeDep ROOT @oozcitak/url@3.0.0 OK for: @oozcitak/dom@2.0.2 want: ^3.0.0
455 silly placeDep ROOT fast-json-stable-stringify@2.1.0 OK for: ajv@6.15.0 want: ^2.0.0
456 silly placeDep node_modules/@eslint/eslintrc json-schema-traverse@0.4.1 OK for: ajv@6.15.0 want: ^0.4.1
457 silly placeDep ROOT uri-js@4.4.1 OK for: ajv@6.15.0 want: ^4.2.2
458 silly fetch manifest punycode@^2.1.0
459 silly packumentCache full:https://registry.npmjs.org/punycode cache-miss
460 http fetch GET 200 https://registry.npmjs.org/punycode 312ms (cache miss)
461 silly packumentCache full:https://registry.npmjs.org/punycode set size:undefined disposed:false
462 silly placeDep ROOT punycode@2.3.1 OK for: uri-js@4.4.1 want: ^2.1.0
463 silly placeDep node_modules/eslint json-schema-traverse@0.4.1 OK for: ajv@6.15.0 want: ^0.4.1
464 silly fetch manifest lru-cache@^11.2.6
465 silly packumentCache full:https://registry.npmjs.org/lru-cache cache-miss
466 http fetch GET 200 https://registry.npmjs.org/lru-cache 146ms (cache miss)
467 silly packumentCache full:https://registry.npmjs.org/lru-cache set size:undefined disposed:false
468 silly placeDep node_modules/nitro lru-cache@11.5.3 OK for: unstorage@2.0.0-alpha.7 want: ^11.2.6
469 silly reify mark retired [ 'D:\\workspace\\MYSdE3E1DnL9f4Fq-grok-workspace\\node_modules\\ajv' ]
470 silly reify mark retired [
470 silly reify   'D:\\workspace\\MYSdE3E1DnL9f4Fq-grok-workspace\\node_modules\\json-schema-traverse'
470 silly reify ]
471 silly reify mark retired [
471 silly reify   'D:\\workspace\\MYSdE3E1DnL9f4Fq-grok-workspace\\node_modules\\@tanstack\\react-router'
471 silly reify ]
472 silly reify mark retired [
472 silly reify   'D:\\workspace\\MYSdE3E1DnL9f4Fq-grok-workspace\\node_modules\\@tanstack\\react-start-client'
472 silly reify ]
473 silly reify mark retired [
473 silly reify   'D:\\workspace\\MYSdE3E1DnL9f4Fq-grok-workspace\\node_modules\\@tanstack\\react-start'
473 silly reify ]
474 silly reify mark retired [
474 silly reify   'D:\\workspace\\MYSdE3E1DnL9f4Fq-grok-workspace\\node_modules\\@tanstack\\react-start-server'
474 silly reify ]
475 silly reify mark retired [
475 silly reify   'D:\\workspace\\MYSdE3E1DnL9f4Fq-grok-workspace\\node_modules\\@tanstack\\react-start-rsc'
475 silly reify ]
476 silly reify mark retired [
476 silly reify   'D:\\workspace\\MYSdE3E1DnL9f4Fq-grok-workspace\\node_modules\\@tanstack\\react-store'
476 silly reify ]
477 silly reify mark retired [
477 silly reify   'D:\\workspace\\MYSdE3E1DnL9f4Fq-grok-workspace\\node_modules\\@tanstack\\router-core'
477 silly reify ]
478 silly reify mark retired [
478 silly reify   'D:\\workspace\\MYSdE3E1DnL9f4Fq-grok-workspace\\node_modules\\@tanstack\\router-generator'
478 silly reify ]
479 silly reify mark retired [
479 silly reify   'D:\\workspace\\MYSdE3E1DnL9f4Fq-grok-workspace\\node_modules\\@tanstack\\router-plugin'
479 silly reify ]
480 silly reify mark retired [
480 silly reify   'D:\\workspace\\MYSdE3E1DnL9f4Fq-grok-workspace\\node_modules\\@tanstack\\start-client-core'
480 silly reify ]
481 silly reify mark retired [
481 silly reify   'D:\\workspace\\MYSdE3E1DnL9f4Fq-grok-workspace\\node_modules\\@tanstack\\start-plugin-core'
481 silly reify ]
482 silly reify mark retired [
482 silly reify   'D:\\workspace\\MYSdE3E1DnL9f4Fq-grok-workspace\\node_modules\\@tanstack\\start-server-core'
482 silly reify ]
483 silly reify mark retired [
483 silly reify   'D:\\workspace\\MYSdE3E1DnL9f4Fq-grok-workspace\\node_modules\\@tanstack\\start-storage-context'
483 silly reify ]
484 silly reify mark retired [
484 silly reify   'D:\\workspace\\MYSdE3E1DnL9f4Fq-grok-workspace\\node_modules\\@tanstack\\store'
484 silly reify ]
485 silly reify moves {
485 silly reify   'D:\\workspace\\MYSdE3E1DnL9f4Fq-grok-workspace\\node_modules\\ajv': 'D:\\workspace\\MYSdE3E1DnL9f4Fq-grok-workspace\\node_modules\\.ajv-MJAevz29',
485 silly reify   'D:\\workspace\\MYSdE3E1DnL9f4Fq-grok-workspace\\node_modules\\json-schema-traverse': 'D:\\workspace\\MYSdE3E1DnL9f4Fq-grok-workspace\\node_modules\\.json-schema-traverse-Rbz2sT1D',
485 silly reify   'D:\\workspace\\MYSdE3E1DnL9f4Fq-grok-workspace\\node_modules\\@tanstack\\react-router': 'D:\\workspace\\MYSdE3E1DnL9f4Fq-grok-workspace\\node_modules\\@tanstack\\.react-router-5kGQZtZw',
485 silly reify   'D:\\workspace\\MYSdE3E1DnL9f4Fq-grok-workspace\\node_modules\\@tanstack\\react-start-client': 'D:\\workspace\\MYSdE3E1DnL9f4Fq-grok-workspace\\node_modules\\@tanstack\\.react-start-client-95wWgzti',
485 silly reify   'D:\\workspace\\MYSdE3E1DnL9f4Fq-grok-workspace\\node_modules\\@tanstack\\react-start': 'D:\\workspace\\MYSdE3E1DnL9f4Fq-grok-workspace\\node_modules\\@tanstack\\.react-start-Q4HkG8Ih',
485 silly reify   'D:\\workspace\\MYSdE3E1DnL9f4Fq-grok-workspace\\node_modules\\@tanstack\\react-start-server': 'D:\\workspace\\MYSdE3E1DnL9f4Fq-grok-workspace\\node_modules\\@tanstack\\.react-start-server-W0wD9H2B',
485 silly reify   'D:\\workspace\\MYSdE3E1DnL9f4Fq-grok-workspace\\node_modules\\@tanstack\\react-start-rsc': 'D:\\workspace\\MYSdE3E1DnL9f4Fq-grok-workspace\\node_modules\\@tanstack\\.react-start-rsc-KduF3bcV',
485 silly reify   'D:\\workspace\\MYSdE3E1DnL9f4Fq-grok-workspace\\node_modules\\@tanstack\\react-store': 'D:\\workspace\\MYSdE3E1DnL9f4Fq-grok-workspace\\node_modules\\@tanstack\\.react-store-JLavq4Wb',
485 silly reify   'D:\\workspace\\MYSdE3E1DnL9f4Fq-grok-workspace\\node_modules\\@tanstack\\router-core': 'D:\\workspace\\MYSdE3E1DnL9f4Fq-grok-workspace\\node_modules\\@tanstack\\.router-core-Dqz6KP4G',
485 silly reify   'D:\\workspace\\MYSdE3E1DnL9f4Fq-grok-workspace\\node_modules\\@tanstack\\router-generator': 'D:\\workspace\\MYSdE3E1DnL9f4Fq-grok-workspace\\node_modules\\@tanstack\\.router-generator-SZxthVDE',
485 silly reify   'D:\\workspace\\MYSdE3E1DnL9f4Fq-grok-workspace\\node_modules\\@tanstack\\router-plugin': 'D:\\workspace\\MYSdE3E1DnL9f4Fq-grok-workspace\\node_modules\\@tanstack\\.router-plugin-GBUKZFr3',
485 silly reify   'D:\\workspace\\MYSdE3E1DnL9f4Fq-grok-workspace\\node_modules\\@tanstack\\start-client-core': 'D:\\workspace\\MYSdE3E1DnL9f4Fq-grok-workspace\\node_modules\\@tanstack\\.start-client-core-kphw2TtL',
485 silly reify   'D:\\workspace\\MYSdE3E1DnL9f4Fq-grok-workspace\\node_modules\\@tanstack\\start-plugin-core': 'D:\\workspace\\MYSdE3E1DnL9f4Fq-grok-workspace\\node_modules\\@tanstack\\.start-plugin-core-3Cy7aJYw',
485 silly reify   'D:\\workspace\\MYSdE3E1DnL9f4Fq-grok-workspace\\node_modules\\@tanstack\\start-server-core': 'D:\\workspace\\MYSdE3E1DnL9f4Fq-grok-workspace\\node_modules\\@tanstack\\.start-server-core-fi0RU00H',
485 silly reify   'D:\\workspace\\MYSdE3E1DnL9f4Fq-grok-workspace\\node_modules\\@tanstack\\start-storage-context': 'D:\\workspace\\MYSdE3E1DnL9f4Fq-grok-workspace\\node_modules\\@tanstack\\.start-storage-context-EaGaVP1Z',
485 silly reify   'D:\\workspace\\MYSdE3E1DnL9f4Fq-grok-workspace\\node_modules\\@tanstack\\store': 'D:\\workspace\\MYSdE3E1DnL9f4Fq-grok-workspace\\node_modules\\@tanstack\\.store-XMCVEM9c'
485 silly reify }
486 verbose reify failed optional dependency D:\workspace\MYSdE3E1DnL9f4Fq-grok-workspace\node_modules\@tailwindcss\oxide-wasm32-wasi
487 silly reify mark deleted [
487 silly reify   'D:\\workspace\\MYSdE3E1DnL9f4Fq-grok-workspace\\node_modules\\@tailwindcss\\oxide-wasm32-wasi'
487 silly reify ]
488 silly audit bulk request {
488 silly audit   '@babel/code-frame': [ '7.29.7' ],
488 silly audit   '@babel/compat-data': [ '7.29.7' ],
488 silly audit   '@babel/core': [ '7.29.7' ],
488 silly audit   '@babel/generator': [ '7.29.8' ],
488 silly audit   '@babel/helper-compilation-targets': [ '7.29.7' ],
488 silly audit   '@babel/helper-globals': [ '7.29.7' ],
488 silly audit   '@babel/helper-module-imports': [ '7.29.7' ],
488 silly audit   '@babel/helper-module-transforms': [ '7.29.7' ],
488 silly audit   '@babel/helper-plugin-utils': [ '7.29.7' ],
488 silly audit   '@babel/helper-string-parser': [ '7.29.7' ],
488 silly audit   '@babel/helper-validator-identifier': [ '7.29.7' ],
488 silly audit   '@babel/helper-validator-option': [ '7.29.7' ],
488 silly audit   '@babel/helpers': [ '7.29.7' ],
488 silly audit   '@babel/parser': [ '7.29.9' ],
488 silly audit   '@babel/plugin-transform-react-jsx-self': [ '7.29.7' ],
488 silly audit   '@babel/plugin-transform-react-jsx-source': [ '7.29.7' ],
488 silly audit   '@babel/runtime': [ '7.29.7' ],
488 silly audit   '@babel/template': [ '7.29.7' ],
488 silly audit   '@babel/traverse': [ '7.29.8' ],
488 silly audit   '@babel/types': [ '7.29.8' ],
488 silly audit   '@better-auth/core': [ '1.6.33' ],
488 silly audit   '@better-auth/drizzle-adapter': [ '1.6.33' ],
488 silly audit   '@better-auth/kysely-adapter': [ '1.6.33' ],
488 silly audit   '@better-auth/memory-adapter': [ '1.6.33' ],
488 silly audit   '@better-auth/mongo-adapter': [ '1.6.33' ],
488 silly audit   '@better-auth/prisma-adapter': [ '1.6.33' ],
488 silly audit   '@better-auth/telemetry': [ '1.6.33' ],
488 silly audit   '@better-auth/utils': [ '0.4.2', '0.5.0' ],
488 silly audit   '@better-fetch/fetch': [ '1.3.1' ],
488 silly audit   '@date-fns/tz': [ '1.5.0' ],
488 silly audit   '@electric-sql/pglite': [ '0.5.8' ],
488 silly audit   '@eslint-community/eslint-utils': [ '4.10.1' ],
488 silly audit   'eslint-visitor-keys': [ '3.4.3', '5.0.1', '4.2.1' ],
488 silly audit   '@eslint-community/regexpp': [ '4.12.2' ],
488 silly audit   '@eslint/config-array': [ '0.21.2' ],
488 silly audit   '@eslint/config-helpers': [ '0.4.2' ],
488 silly audit   '@eslint/core': [ '0.17.0' ],
488 silly audit   '@eslint/eslintrc': [ '3.3.7' ],
488 silly audit   globals: [ '14.0.0', '15.15.0' ],
488 silly audit   '@eslint/js': [ '9.39.5' ],
488 silly audit   '@eslint/object-schema': [ '2.1.7' ],
488 silly audit   '@eslint/plugin-kit': [ '0.4.1' ],
488 silly audit   '@floating-ui/core': [ '1.8.0' ],
488 silly audit   '@floating-ui/dom': [ '1.8.0' ],
488 silly audit   '@floating-ui/react-dom': [ '2.1.9' ],
488 silly audit   '@floating-ui/utils': [ '0.2.12' ],
488 silly audit   '@hookform/resolvers': [ '5.9.1' ],
488 silly audit   '@humanfs/core': [ '0.19.2' ],
488 silly audit   '@humanfs/node': [ '0.16.8' ],
488 silly audit   '@humanfs/types': [ '0.15.0' ],
488 silly audit   '@humanwhocodes/module-importer': [ '1.0.1' ],
488 silly audit   '@humanwhocodes/retry': [ '0.4.3' ],
488 silly audit   '@jridgewell/gen-mapping': [ '0.3.13' ],
488 silly audit   '@jridgewell/remapping': [ '2.3.5' ],
488 silly audit   '@jridgewell/resolve-uri': [ '3.1.2' ],
488 silly audit   '@jridgewell/sourcemap-codec': [ '1.6.0' ],
488 silly audit   '@jridgewell/trace-mapping': [ '0.3.31' ],
488 silly audit   '@noble/ciphers': [ '2.4.0' ],
488 silly audit   '@noble/hashes': [ '2.4.0' ],
488 silly audit   '@opentelemetry/semantic-conventions': [ '1.43.0' ],
488 silly audit   '@oxc-project/types': [ '0.151.0' ],
488 silly audit   '@pkgr/core': [ '0.3.6' ],
488 silly audit   '@radix-ui/number': [ '1.1.3' ],
488 silly audit   '@radix-ui/primitive': [ '1.1.7' ],
488 silly audit   '@radix-ui/react-accordion': [ '1.2.20' ],
488 silly audit   '@radix-ui/react-alert-dialog': [ '1.1.23' ],
488 silly audit   '@radix-ui/react-arrow': [ '1.1.15' ],
488 silly audit   '@radix-ui/react-avatar': [ '1.2.6' ],
488 silly audit   '@radix-ui/react-checkbox': [ '1.3.11' ],
488 silly audit   '@radix-ui/react-collapsible': [ '1.1.20' ],
488 silly audit   '@radix-ui/react-collection': [ '1.1.15' ],
488 silly audit   '@radix-ui/react-compose-refs': [ '1.1.5' ],
488 silly audit   '@radix-ui/react-context': [ '1.2.2' ],
488 silly audit   '@radix-ui/react-dialog': [ '1.1.23' ],
488 silly audit   '@radix-ui/react-direction': [ '1.1.4' ],
488 silly audit   '@radix-ui/react-dismissable-layer': [ '1.1.19' ],
488 silly audit   '@radix-ui/react-dropdown-menu': [ '2.1.24' ],
488 silly audit   '@radix-ui/react-focus-guards': [ '1.1.6' ],
488 silly audit   '@radix-ui/react-focus-scope': [ '1.1.16' ],
488 silly audit   '@radix-ui/react-id': [ '1.1.4' ],
488 silly audit   '@radix-ui/react-label': [ '2.1.15' ],
488 silly audit   '@radix-ui/react-menu': [ '2.1.24' ],
488 silly audit   '@radix-ui/react-popover': [ '1.1.23' ],
488 silly audit   '@radix-ui/react-popper': [ '1.3.7' ],
488 silly audit   '@radix-ui/react-portal': [ '1.1.17' ],
488 silly audit   '@radix-ui/react-presence': [ '1.1.10' ],
488 silly audit   '@radix-ui/react-primitive': [ '2.1.10' ],
488 silly audit   '@radix-ui/react-progress': [ '1.1.16' ],
488 silly audit   '@radix-ui/react-radio-group': [ '1.4.7' ],
488 silly audit   '@radix-ui/react-roving-focus': [ '1.1.19' ],
488 silly audit   '@radix-ui/react-scroll-area': [ '1.2.18' ],
488 silly audit   '@radix-ui/react-select': [ '2.3.7' ],
488 silly audit   '@radix-ui/react-separator': [ '1.1.15' ],
488 silly audit   '@radix-ui/react-slider': [ '1.4.7' ],
488 silly audit   '@radix-ui/react-slot': [ '1.3.3' ],
488 silly audit   '@radix-ui/react-switch': [ '1.3.7' ],
488 silly audit   '@radix-ui/react-tabs': [ '1.1.21' ],
488 silly audit   '@radix-ui/react-toggle': [ '1.1.18' ],
488 silly audit   '@radix-ui/react-toggle-group': [ '1.1.19' ],
488 silly audit   '@radix-ui/react-tooltip': [ '1.2.16' ],
488 silly audit   '@radix-ui/react-use-callback-ref': [ '1.1.4' ],
488 silly audit   '@radix-ui/react-use-controllable-state': [ '1.2.6' ],
488 silly audit   '@radix-ui/react-use-effect-event': [ '0.0.5' ],
488 silly audit   '@radix-ui/react-use-is-hydrated': [ '0.1.3' ],
488 silly audit   '@radix-ui/react-use-layout-effect': [ '1.1.4' ],
488 silly audit   '@radix-ui/react-use-previous': [ '1.1.4' ],
488 silly audit   '@radix-ui/react-use-rect': [ '1.1.4' ],
488 silly audit   '@radix-ui/react-use-size': [ '1.1.4' ],
488 silly audit   '@radix-ui/react-visually-hidden': [ '1.2.11' ],
488 silly audit   '@radix-ui/rect': [ '1.1.3' ],
488 silly audit   '@rolldown/binding-android-arm-eabi': [ '1.2.11' ],
488 silly audit   '@rolldown/binding-android-arm64': [ '1.2.11' ],
488 silly audit   '@rolldown/binding-darwin-arm64': [ '1.2.11' ],
488 silly audit   '@rolldown/binding-darwin-x64': [ '1.2.11' ],
488 silly audit   '@rolldown/binding-freebsd-x64': [ '1.2.11' ],
488 silly audit   '@rolldown/binding-linux-arm-gnueabihf': [ '1.2.11' ],
488 silly audit   '@rolldown/binding-linux-arm64-gnu': [ '1.2.11' ],
488 silly audit   '@rolldown/binding-linux-arm64-musl': [ '1.2.11' ],
488 silly audit   '@rolldown/binding-linux-ppc64-gnu': [ '1.2.11' ],
488 silly audit   '@rolldown/binding-linux-s390x-gnu': [ '1.2.11' ],
488 silly audit   '@rolldown/binding-linux-x64-gnu': [ '1.2.11' ],
488 silly audit   '@rolldown/binding-linux-x64-musl': [ '1.2.11' ],
488 silly audit   '@rolldown/binding-openharmony-arm64': [ '1.2.11' ],
488 silly audit   '@rolldown/binding-win32-arm64-msvc': [ '1.2.11' ],
488 silly audit   '@rolldown/binding-win32-x64-msvc': [ '1.2.11' ],
488 silly audit   '@rolldown/pluginutils': [ '1.0.0-rc.3', '1.0.1' ],
488 silly audit   '@standard-schema/spec': [ '1.1.0' ],
488 silly audit   '@standard-schema/utils': [ '0.3.0' ],
488 silly audit   '@tabby_ai/hijri-converter': [ '1.0.5' ],
488 silly audit   '@tailwindcss/node': [ '4.3.3' ],
488 silly audit   lightningcss: [ '1.32.0', '1.33.0' ],
488 silly audit   'lightningcss-android-arm64': [ '1.32.0', '1.33.0' ],
488 silly audit   'lightningcss-darwin-arm64': [ '1.32.0', '1.33.0' ],
488 silly audit   'lightningcss-darwin-x64': [ '1.32.0', '1.33.0' ],
488 silly audit   'lightningcss-freebsd-x64': [ '1.32.0', '1.33.0' ],
488 silly audit   'lightningcss-linux-arm-gnueabihf': [ '1.32.0', '1.33.0' ],
488 silly audit   'lightningcss-linux-arm64-gnu': [ '1.32.0', '1.33.0' ],
488 silly audit   'lightningcss-linux-arm64-musl': [ '1.32.0', '1.33.0' ],
488 silly audit   'lightningcss-linux-x64-gnu': [ '1.32.0', '1.33.0' ],
488 silly audit   'lightningcss-linux-x64-musl': [ '1.32.0', '1.33.0' ],
488 silly audit   'lightningcss-win32-arm64-msvc': [ '1.32.0', '1.33.0' ],
488 silly audit   'lightningcss-win32-x64-msvc': [ '1.32.0', '1.33.0' ],
488 silly audit   '@tailwindcss/oxide': [ '4.3.3' ],
488 silly audit   '@tailwindcss/oxide-android-arm64': [ '4.3.3' ],
488 silly audit   '@tailwindcss/oxide-darwin-arm64': [ '4.3.3' ],
488 silly audit   '@tailwindcss/oxide-darwin-x64': [ '4.3.3' ],
488 silly audit   '@tailwindcss/oxide-freebsd-x64': [ '4.3.3' ],
488 silly audit   '@tailwindcss/oxide-linux-arm-gnueabihf': [ '4.3.3' ],
488 silly audit   '@tailwindcss/oxide-linux-arm64-gnu': [ '4.3.3' ],
488 silly audit   '@tailwindcss/oxide-linux-arm64-musl': [ '4.3.3' ],
488 silly audit   '@tailwindcss/oxide-linux-x64-gnu': [ '4.3.3' ],
488 silly audit   '@tailwindcss/oxide-linux-x64-musl': [ '4.3.3' ],
488 silly audit   '@tailwindcss/oxide-win32-arm64-msvc': [ '4.3.3' ],
488 silly audit   '@tailwindcss/oxide-win32-x64-msvc': [ '4.3.3' ],
488 silly audit   '@tailwindcss/vite': [ '4.3.3' ],
488 silly audit   '@tanstack/history': [ '1.162.4' ],
488 silly audit   '@tanstack/query-core': [ '5.103.2' ],
488 silly audit   '@tanstack/react-query': [ '5.103.2' ],
488 silly audit   '@tanstack/react-table': [ '8.21.3' ],
488 silly audit   '@tanstack/router-core': [ '1.171.34' ],
488 silly audit   '@tanstack/router-generator': [ '1.167.40' ],
488 silly audit   '@tanstack/router-utils': [ '1.162.3' ],
488 silly audit   '@tanstack/table-core': [ '8.21.3' ],
488 silly audit   '@tanstack/virtual-file-routes': [ '1.162.0' ],
488 silly audit   '@types/babel__core': [ '7.20.5' ],
488 silly audit   '@types/babel__generator': [ '7.27.0' ],
488 silly audit   '@types/babel__template': [ '7.4.4' ],
488 silly audit   '@types/babel__traverse': [ '7.28.0' ],
488 silly audit   '@types/d3-array': [ '3.2.2' ],
488 silly audit   '@types/d3-color': [ '3.1.3' ],
488 silly audit   '@types/d3-ease': [ '3.0.2' ],
488 silly audit   '@types/d3-interpolate': [ '3.0.4' ],
488 silly audit   '@types/d3-path': [ '3.1.1' ],
488 silly audit   '@types/d3-scale': [ '4.0.9' ],
488 silly audit   '@types/d3-shape': [ '3.2.0' ],
488 silly audit   '@types/d3-time': [ '3.0.4' ],
488 silly audit   '@types/d3-timer': [ '3.0.2' ],
488 silly audit   '@types/estree': [ '1.0.9' ],
488 silly audit   '@types/json-schema': [ '7.0.15' ],
488 silly audit   '@types/node': [ '22.20.4' ],
488 silly audit   '@types/pg': [ '8.23.1' ],
488 silly audit   '@types/react': [ '19.3.0' ],
488 silly audit   '@types/react-dom': [ '19.3.0' ],
488 silly audit   '@typescript-eslint/eslint-plugin': [ '8.70.1' ],
488 silly audit   ignore: [ '7.0.10', '5.3.2' ],
488 silly audit   '@typescript-eslint/parser': [ '8.70.1' ],
488 silly audit   '@typescript-eslint/project-service': [ '8.70.1' ],
488 silly audit   '@typescript-eslint/scope-manager': [ '8.70.1' ],
488 silly audit   '@typescript-eslint/tsconfig-utils': [ '8.70.1' ],
488 silly audit   '@typescript-eslint/type-utils': [ '8.70.1' ],
488 silly audit   '@typescript-eslint/types': [ '8.70.1' ],
488 silly audit   '@typescript-eslint/typescript-estree': [ '8.70.1' ],
488 silly audit   'balanced-match': [ '4.0.4', '1.0.2' ],
488 silly audit   'brace-expansion': [ '5.0.12', '1.1.21' ],
488 silly audit   minimatch: [ '10.2.6', '3.1.5' ],
488 silly audit   semver: [ '7.8.5', '6.3.1' ],
488 silly audit   '@typescript-eslint/utils': [ '8.70.1' ],
488 silly audit   '@typescript-eslint/visitor-keys': [ '8.70.1' ],
488 silly audit   '@vitejs/plugin-react': [ '5.2.0' ],
488 silly audit   acorn: [ '8.18.0' ],
488 silly audit   'acorn-jsx': [ '5.3.2' ],
488 silly audit   'ansi-styles': [ '4.3.0' ],
488 silly audit   ansis: [ '4.4.0' ],
488 silly audit   argparse: [ '2.0.1' ],
488 silly audit   'aria-hidden': [ '1.2.6' ],
488 silly audit   'babel-dead-code-elimination': [ '1.0.12' ],
488 silly audit   'baseline-browser-mapping': [ '2.11.26' ],
488 silly audit   'better-auth': [ '1.6.33' ],
488 silly audit   'better-call': [ '1.4.0' ],
488 silly audit   browserslist: [ '4.29.1' ],
488 silly audit   callsites: [ '3.1.0' ],
488 silly audit   'caniuse-lite': [ '1.0.30001812' ],
488 silly audit   chalk: [ '4.1.2' ],
488 silly audit   chokidar: [ '5.0.0' ],
488 silly audit   'class-variance-authority': [ '0.7.1' ],
488 silly audit   clsx: [ '2.1.1' ],
488 silly audit   cmdk: [ '1.1.1' ],
488 silly audit   'color-convert': [ '2.0.1' ],
488 silly audit   'color-name': [ '1.1.4' ],
488 silly audit   'concat-map': [ '0.0.1' ],
488 silly audit   consola: [ '3.4.2' ],
488 silly audit   'convert-source-map': [ '2.0.0' ],
488 silly audit   'cookie-es': [ '3.1.1' ],
488 silly audit   'cross-spawn': [ '7.0.6' ],
488 silly audit   crossws: [ '0.4.12' ],
488 silly audit   csstype: [ '3.2.3' ],
488 silly audit   'd3-array': [ '3.2.4' ],
488 silly audit   'd3-color': [ '3.1.0' ],
488 silly audit   'd3-ease': [ '3.0.1' ],
488 silly audit   'd3-format': [ '3.1.2' ],
488 silly audit   'd3-interpolate': [ '3.0.1' ],
488 silly audit   'd3-path': [ '3.1.0' ],
488 silly audit   'd3-scale': [ '4.0.2' ],
488 silly audit   'd3-shape': [ '3.2.0' ],
488 silly audit   'd3-time': [ '3.1.0' ],
488 silly audit   'd3-time-format': [ '4.1.0' ],
488 silly audit   'd3-timer': [ '3.0.1' ],
488 silly audit   'date-fns': [ '4.4.0' ],
488 silly audit   'date-fns-jalali': [ '4.1.0-0' ],
488 silly audit   db0: [ '0.3.4' ],
488 silly audit   debug: [ '4.4.3' ],
488 silly audit   'decimal.js-light': [ '2.5.1' ],
488 silly audit   'deep-is': [ '0.1.4' ],
488 silly audit   defu: [ '6.1.7' ],
488 silly audit   'detect-libc': [ '2.1.2' ],
488 silly audit   'detect-node-es': [ '1.1.0' ],
488 silly audit   diff: [ '8.0.4' ],
488 silly audit   'dom-helpers': [ '5.2.1' ],
488 silly audit   'electron-to-chromium': [ '1.5.438' ],
488 silly audit   'enhanced-resolve': [ '5.25.1' ],
488 silly audit   'env-runner': [ '0.1.16' ],
488 silly audit   escalade: [ '3.2.0' ],
488 silly audit   'escape-string-regexp': [ '4.0.0' ],
488 silly audit   eslint: [ '9.39.5' ],
488 silly audit   'eslint-config-prettier': [ '10.1.8' ],
488 silly audit   'eslint-plugin-prettier': [ '5.5.6' ],
488 silly audit   'eslint-plugin-react-hooks': [ '5.2.0' ],
488 silly audit   'eslint-plugin-react-refresh': [ '0.4.26' ],
488 silly audit   'eslint-scope': [ '8.4.0' ],
488 silly audit   espree: [ '10.4.0' ],
488 silly audit   esquery: [ '1.7.0' ],
488 silly audit   esrecurse: [ '4.3.0' ],
488 silly audit   estraverse: [ '5.3.0' ],
488 silly audit   esutils: [ '2.0.3' ],
488 silly audit   eventemitter3: [ '4.0.7' ],
488 silly audit   exsolve: [ '1.1.1' ],
488 silly audit   'fast-deep-equal': [ '3.1.3' ],
488 silly audit   'fast-diff': [ '1.3.0' ],
488 silly audit   'fast-equals': [ '5.4.3' ],
488 silly audit   'fast-levenshtein': [ '2.0.6' ],
488 silly audit   fdir: [ '6.5.0' ],
488 silly audit   'file-entry-cache': [ '8.0.0' ],
488 silly audit   'find-up': [ '5.0.0' ],
488 silly audit   'flat-cache': [ '4.0.1' ],
488 silly audit   flatted: [ '3.4.4' ],
488 silly audit   fsevents: [ '2.3.3' ],
488 silly audit   gensync: [ '1.0.0-beta.2' ],
488 silly audit   'get-nonce': [ '1.0.1' ],
488 silly audit   'glob-parent': [ '6.0.2' ],
488 silly audit   'graceful-fs': [ '4.2.11' ],
488 silly audit   h3: [ '2.0.1-rc.22', '2.0.1-rc.20' ],
488 silly audit   rou3: [ '0.8.1', '0.9.2' ],
488 silly audit   'has-flag': [ '4.0.0' ],
488 silly audit   hookable: [ '6.1.2' ],
488 silly audit   httpxy: [ '0.5.5' ],
488 silly audit   'import-fresh': [ '3.3.1' ],
488 silly audit   imurmurhash: [ '0.1.4' ],
488 silly audit   internmap: [ '2.0.3' ],
488 silly audit   'is-extglob': [ '2.1.1' ],
488 silly audit   'is-glob': [ '4.0.3' ],
488 silly audit   isbot: [ '5.2.2' ],
488 silly audit   isexe: [ '2.0.0' ],
488 silly audit   jiti: [ '2.7.0' ],
488 silly audit   jose: [ '6.2.9' ],
488 silly audit   'js-tokens': [ '4.0.0' ],
488 silly audit   'js-yaml': [ '4.3.2' ],
488 silly audit   jsesc: [ '3.1.0' ],
488 silly audit   'json-buffer': [ '3.0.1' ],
488 silly audit   'json-stable-stringify-without-jsonify': [ '1.0.1' ],
488 silly audit   json5: [ '2.2.3' ],
488 silly audit   keyv: [ '4.5.4' ],
488 silly audit   kysely: [ '0.28.17' ],
488 silly audit   levn: [ '0.4.1' ],
488 silly audit   'locate-path': [ '6.0.0' ],
488 silly audit   lodash: [ '4.18.1' ],
488 silly audit   'lodash.merge': [ '4.6.2' ],
488 silly audit   'loose-envify': [ '1.4.0' ],
488 silly audit   'lru-cache': [ '5.1.1', '11.5.3' ],
488 silly audit   'lucide-react': [ '0.510.0' ],
488 silly audit   'magic-string': [ '0.30.21' ],
488 silly audit   ms: [ '2.1.3' ],
488 silly audit   nanoid: [ '3.3.19' ],
488 silly audit   nanostores: [ '1.5.3' ],
488 silly audit   'natural-compare': [ '1.4.0' ],
488 silly audit   nf3: [ '0.3.17' ],
488 silly audit   nitro: [ '3.0.260610-beta' ],
488 silly audit   unstorage: [ '2.0.0-alpha.7' ],
488 silly audit   'node-releases': [ '2.0.57' ],
488 silly audit   'object-assign': [ '4.1.1' ],
488 silly audit   ocache: [ '0.1.5' ],
488 silly audit   ofetch: [ '2.0.0-alpha.3' ],
488 silly audit   ohash: [ '2.0.12' ],
488 silly audit   optionator: [ '0.9.4' ],
488 silly audit   'p-limit': [ '3.1.0' ],
488 silly audit   'p-locate': [ '5.0.0' ],
488 silly audit   'parent-module': [ '1.0.1' ],
488 silly audit   'path-exists': [ '4.0.0' ],
488 silly audit   'path-key': [ '3.1.1' ],
488 silly audit   pathe: [ '2.0.3' ],
488 silly audit   pg: [ '8.23.0' ],
488 silly audit   'pg-cloudflare': [ '1.4.0' ],
488 silly audit   'pg-connection-string': [ '2.14.0' ],
488 silly audit   'pg-int8': [ '1.0.1' ],
488 silly audit   'pg-pool': [ '3.14.0' ],
488 silly audit   'pg-protocol': [ '1.16.0' ],
488 silly audit   'pg-types': [ '2.2.0' ],
488 silly audit   pgpass: [ '1.0.5' ],
488 silly audit   picocolors: [ '1.1.1' ],
488 silly audit   picomatch: [ '4.0.7' ],
488 silly audit   playwright: [ '1.63.0' ],
488 silly audit   'playwright-core': [ '1.63.0' ],
488 silly audit   postcss: [ '8.5.28' ],
488 silly audit   'postgres-array': [ '2.0.0' ],
488 silly audit   'postgres-bytea': [ '1.0.1' ],
488 silly audit   'postgres-date': [ '1.0.7' ],
488 silly audit   'postgres-interval': [ '1.2.0' ],
488 silly audit   'prelude-ls': [ '1.2.1' ],
488 silly audit   prettier: [ '3.9.9' ],
488 silly audit   'prettier-linter-helpers': [ '1.0.1' ],
488 silly audit   'prop-types': [ '15.8.1' ],
488 silly audit   'react-is': [ '16.13.1', '18.3.1' ],
488 silly audit   react: [ '19.3.0' ],
488 silly audit   'react-day-picker': [ '9.14.0' ],
488 silly audit   'react-dom': [ '19.3.0' ],
488 silly audit   'react-hook-form': [ '7.88.0' ],
488 silly audit   'react-refresh': [ '0.18.0' ],
488 silly audit   'react-remove-scroll': [ '2.7.2' ],
488 silly audit   'react-remove-scroll-bar': [ '2.3.8' ],
488 silly audit   'react-resizable-panels': [ '4.13.3' ],
488 silly audit   'react-smooth': [ '4.0.4' ],
488 silly audit   'react-style-singleton': [ '2.2.3' ],
488 silly audit   'react-transition-group': [ '4.4.5' ],
488 silly audit   readdirp: [ '5.1.1' ],
488 silly audit   recharts: [ '2.15.4' ],
488 silly audit   'recharts-scale': [ '0.4.5' ],
488 silly audit   'resolve-from': [ '4.0.0' ],
488 silly audit   rolldown: [ '1.2.11' ],
488 silly audit   scheduler: [ '0.28.0' ],
488 silly audit   seroval: [ '1.6.7' ],
488 silly audit   'seroval-plugins': [ '1.6.7' ],
488 silly audit   'set-cookie-parser': [ '3.1.2' ],
488 silly audit   'shebang-command': [ '2.0.0' ],
488 silly audit   'shebang-regex': [ '3.0.0' ],
488 silly audit   sonner: [ '2.0.8' ],
488 silly audit   'source-map-js': [ '1.2.1' ],
488 silly audit   split2: [ '4.2.0' ],
488 silly audit   srvx: [ '0.11.22' ],
488 silly audit   'strip-json-comments': [ '3.1.1' ],
488 silly audit   'supports-color': [ '7.2.0' ],
488 silly audit   synckit: [ '0.11.13' ],
488 silly audit   'tailwind-merge': [ '3.7.0' ],
488 silly audit   tailwindcss: [ '4.3.3' ],
488 silly audit   tapable: [ '2.3.3' ],
488 silly audit   'tiny-invariant': [ '1.3.3' ],
488 silly audit   tinyglobby: [ '0.2.17' ],
488 silly audit   'ts-api-utils': [ '2.5.0' ],
488 silly audit   tslib: [ '2.8.1' ],
488 silly audit   'tw-animate-css': [ '1.4.0' ],
488 silly audit   'type-check': [ '0.4.0' ],
488 silly audit   typescript: [ '5.9.3' ],
488 silly audit   'typescript-eslint': [ '8.70.1' ],
488 silly audit   'undici-types': [ '6.21.0' ],
488 silly audit   unenv: [ '2.0.0-rc.24' ],
488 silly audit   unplugin: [ '3.4.0' ],
488 silly audit   'update-browserslist-db': [ '1.3.3' ],
488 silly audit   'use-callback-ref': [ '1.3.3' ],
488 silly audit   'use-sidecar': [ '1.1.3' ],
488 silly audit   'use-sync-external-store': [ '1.7.0' ],
488 silly audit   vaul: [ '1.1.2' ],
488 silly audit   'victory-vendor': [ '36.9.2' ],
488 silly audit   vite: [ '8.3.1' ],
488 silly audit   'webpack-virtual-modules': [ '0.6.2' ],
488 silly audit   which: [ '2.0.2' ],
488 silly audit   'word-wrap': [ '1.2.5' ],
488 silly audit   xtend: [ '4.0.2' ],
488 silly audit   yallist: [ '3.1.1' ],
488 silly audit   'yocto-queue': [ '0.1.0' ],
488 silly audit   zod: [ '4.6.5' ],
488 silly audit   zustand: [ '5.0.15' ],
488 silly audit   '@tanstack/react-start': [ '1.168.60' ],
488 silly audit   ajv: [ '8.20.0', '6.15.0' ],
488 silly audit   '@tanstack/react-router': [ '1.170.41' ],
488 silly audit   '@tanstack/react-start-client': [ '1.168.39' ],
488 silly audit   '@tanstack/react-start-rsc': [ '0.1.59' ],
488 silly audit   '@tanstack/react-start-server': [ '1.167.46' ],
488 silly audit   '@tanstack/start-client-core': [ '1.170.34' ],
488 silly audit   '@tanstack/start-plugin-core': [ '1.171.49' ],
488 silly audit   '@tanstack/start-server-core': [ '1.169.39' ],
488 silly audit   '@tanstack/react-store': [ '0.11.2' ],
488 silly audit   '@tanstack/start-fn-stubs': [ '1.162.0' ],
488 silly audit   '@tanstack/start-storage-context': [ '1.167.36' ],
488 silly audit   '@tanstack/store': [ '0.11.2' ],
488 silly audit   '@tanstack/router-plugin': [ '1.168.42' ],
488 silly audit   'source-map': [ '0.7.6' ],
488 silly audit   ufo: [ '1.6.4' ],
488 silly audit   vitefu: [ '1.1.3' ],
488 silly audit   xmlbuilder2: [ '4.0.3' ],
488 silly audit   fetchdts: [ '0.1.7' ],
488 silly audit   'fast-uri': [ '3.1.8' ],
488 silly audit   'json-schema-traverse': [ '1.0.0', '0.4.1' ],
488 silly audit   'require-from-string': [ '2.0.2' ],
488 silly audit   '@oozcitak/dom': [ '2.0.2' ],
488 silly audit   '@oozcitak/infra': [ '2.0.2' ],
488 silly audit   '@oozcitak/util': [ '10.0.0' ],
488 silly audit   '@oozcitak/url': [ '3.0.0' ],
488 silly audit   'fast-json-stable-stringify': [ '2.1.0' ],
488 silly audit   'uri-js': [ '4.4.1' ],
488 silly audit   punycode: [ '2.3.1' ],
488 silly audit   '@tailwindcss/oxide-wasm32-wasi': [ '4.3.3' ]
488 silly audit }
489 verbose reify failed optional dependency D:\workspace\MYSdE3E1DnL9f4Fq-grok-workspace\node_modules\lightningcss-win32-arm64-msvc
490 silly reify mark deleted [
490 silly reify   'D:\\workspace\\MYSdE3E1DnL9f4Fq-grok-workspace\\node_modules\\lightningcss-win32-arm64-msvc'
490 silly reify ]
491 verbose reify failed optional dependency D:\workspace\MYSdE3E1DnL9f4Fq-grok-workspace\node_modules\lightningcss-linux-x64-musl
492 silly reify mark deleted [
492 silly reify   'D:\\workspace\\MYSdE3E1DnL9f4Fq-grok-workspace\\node_modules\\lightningcss-linux-x64-musl'
492 silly reify ]
493 verbose reify failed optional dependency D:\workspace\MYSdE3E1DnL9f4Fq-grok-workspace\node_modules\lightningcss-linux-x64-gnu
494 silly reify mark deleted [
494 silly reify   'D:\\workspace\\MYSdE3E1DnL9f4Fq-grok-workspace\\node_modules\\lightningcss-linux-x64-gnu'
494 silly reify ]
495 verbose reify failed optional dependency D:\workspace\MYSdE3E1DnL9f4Fq-grok-workspace\node_modules\lightningcss-linux-arm64-musl
496 silly reify mark deleted [
496 silly reify   'D:\\workspace\\MYSdE3E1DnL9f4Fq-grok-workspace\\node_modules\\lightningcss-linux-arm64-musl'
496 silly reify ]
497 verbose reify failed optional dependency D:\workspace\MYSdE3E1DnL9f4Fq-grok-workspace\node_modules\lightningcss-linux-arm64-gnu
498 silly reify mark deleted [
498 silly reify   'D:\\workspace\\MYSdE3E1DnL9f4Fq-grok-workspace\\node_modules\\lightningcss-linux-arm64-gnu'
498 silly reify ]
499 verbose reify failed optional dependency D:\workspace\MYSdE3E1DnL9f4Fq-grok-workspace\node_modules\lightningcss-linux-arm-gnueabihf
500 silly reify mark deleted [
500 silly reify   'D:\\workspace\\MYSdE3E1DnL9f4Fq-grok-workspace\\node_modules\\lightningcss-linux-arm-gnueabihf'
500 silly reify ]
501 verbose reify failed optional dependency D:\workspace\MYSdE3E1DnL9f4Fq-grok-workspace\node_modules\lightningcss-freebsd-x64
502 silly reify mark deleted [
502 silly reify   'D:\\workspace\\MYSdE3E1DnL9f4Fq-grok-workspace\\node_modules\\lightningcss-freebsd-x64'
502 silly reify ]
503 verbose reify failed optional dependency D:\workspace\MYSdE3E1DnL9f4Fq-grok-workspace\node_modules\lightningcss-darwin-x64
504 silly reify mark deleted [
504 silly reify   'D:\\workspace\\MYSdE3E1DnL9f4Fq-grok-workspace\\node_modules\\lightningcss-darwin-x64'
504 silly reify ]
505 verbose reify failed optional dependency D:\workspace\MYSdE3E1DnL9f4Fq-grok-workspace\node_modules\lightningcss-darwin-arm64
506 silly reify mark deleted [
506 silly reify   'D:\\workspace\\MYSdE3E1DnL9f4Fq-grok-workspace\\node_modules\\lightningcss-darwin-arm64'
506 silly reify ]
507 verbose reify failed optional dependency D:\workspace\MYSdE3E1DnL9f4Fq-grok-workspace\node_modules\lightningcss-android-arm64
508 silly reify mark deleted [
508 silly reify   'D:\\workspace\\MYSdE3E1DnL9f4Fq-grok-workspace\\node_modules\\lightningcss-android-arm64'
508 silly reify ]
509 verbose reify failed optional dependency D:\workspace\MYSdE3E1DnL9f4Fq-grok-workspace\node_modules\fsevents
510 silly reify mark deleted [
510 silly reify   'D:\\workspace\\MYSdE3E1DnL9f4Fq-grok-workspace\\node_modules\\fsevents'
510 silly reify ]
511 verbose reify failed optional dependency D:\workspace\MYSdE3E1DnL9f4Fq-grok-workspace\node_modules\@tailwindcss\oxide-win32-arm64-msvc
512 silly reify mark deleted [
512 silly reify   'D:\\workspace\\MYSdE3E1DnL9f4Fq-grok-workspace\\node_modules\\@tailwindcss\\oxide-win32-arm64-msvc'
512 silly reify ]
513 verbose reify failed optional dependency D:\workspace\MYSdE3E1DnL9f4Fq-grok-workspace\node_modules\@tailwindcss\oxide-linux-x64-musl
514 silly reify mark deleted [
514 silly reify   'D:\\workspace\\MYSdE3E1DnL9f4Fq-grok-workspace\\node_modules\\@tailwindcss\\oxide-linux-x64-musl'
514 silly reify ]
515 verbose reify failed optional dependency D:\workspace\MYSdE3E1DnL9f4Fq-grok-workspace\node_modules\@tailwindcss\oxide-linux-x64-gnu
516 silly reify mark deleted [
516 silly reify   'D:\\workspace\\MYSdE3E1DnL9f4Fq-grok-workspace\\node_modules\\@tailwindcss\\oxide-linux-x64-gnu'
516 silly reify ]
517 verbose reify failed optional dependency D:\workspace\MYSdE3E1DnL9f4Fq-grok-workspace\node_modules\@tailwindcss\oxide-linux-arm64-musl
518 silly reify mark deleted [
518 silly reify   'D:\\workspace\\MYSdE3E1DnL9f4Fq-grok-workspace\\node_modules\\@tailwindcss\\oxide-linux-arm64-musl'
518 silly reify ]
519 verbose reify failed optional dependency D:\workspace\MYSdE3E1DnL9f4Fq-grok-workspace\node_modules\@tailwindcss\oxide-linux-arm64-gnu
520 silly reify mark deleted [
520 silly reify   'D:\\workspace\\MYSdE3E1DnL9f4Fq-grok-workspace\\node_modules\\@tailwindcss\\oxide-linux-arm64-gnu'
520 silly reify ]
521 verbose reify failed optional dependency D:\workspace\MYSdE3E1DnL9f4Fq-grok-workspace\node_modules\@tailwindcss\oxide-linux-arm-gnueabihf
522 silly reify mark deleted [
522 silly reify   'D:\\workspace\\MYSdE3E1DnL9f4Fq-grok-workspace\\node_modules\\@tailwindcss\\oxide-linux-arm-gnueabihf'
522 silly reify ]
523 verbose reify failed optional dependency D:\workspace\MYSdE3E1DnL9f4Fq-grok-workspace\node_modules\@tailwindcss\oxide-freebsd-x64
524 silly reify mark deleted [
524 silly reify   'D:\\workspace\\MYSdE3E1DnL9f4Fq-grok-workspace\\node_modules\\@tailwindcss\\oxide-freebsd-x64'
524 silly reify ]
525 verbose reify failed optional dependency D:\workspace\MYSdE3E1DnL9f4Fq-grok-workspace\node_modules\@tailwindcss\oxide-darwin-x64
526 silly reify mark deleted [
526 silly reify   'D:\\workspace\\MYSdE3E1DnL9f4Fq-grok-workspace\\node_modules\\@tailwindcss\\oxide-darwin-x64'
526 silly reify ]
527 verbose reify failed optional dependency D:\workspace\MYSdE3E1DnL9f4Fq-grok-workspace\node_modules\@tailwindcss\oxide-darwin-arm64
528 silly reify mark deleted [
528 silly reify   'D:\\workspace\\MYSdE3E1DnL9f4Fq-grok-workspace\\node_modules\\@tailwindcss\\oxide-darwin-arm64'
528 silly reify ]
529 verbose reify failed optional dependency D:\workspace\MYSdE3E1DnL9f4Fq-grok-workspace\node_modules\@tailwindcss\oxide-android-arm64
530 silly reify mark deleted [
530 silly reify   'D:\\workspace\\MYSdE3E1DnL9f4Fq-grok-workspace\\node_modules\\@tailwindcss\\oxide-android-arm64'
530 silly reify ]
531 verbose reify failed optional dependency D:\workspace\MYSdE3E1DnL9f4Fq-grok-workspace\node_modules\@rolldown\binding-win32-arm64-msvc
532 silly reify mark deleted [
532 silly reify   'D:\\workspace\\MYSdE3E1DnL9f4Fq-grok-workspace\\node_modules\\@rolldown\\binding-win32-arm64-msvc'
532 silly reify ]
533 verbose reify failed optional dependency D:\workspace\MYSdE3E1DnL9f4Fq-grok-workspace\node_modules\@rolldown\binding-openharmony-arm64
534 silly reify mark deleted [
534 silly reify   'D:\\workspace\\MYSdE3E1DnL9f4Fq-grok-workspace\\node_modules\\@rolldown\\binding-openharmony-arm64'
534 silly reify ]
535 verbose reify failed optional dependency D:\workspace\MYSdE3E1DnL9f4Fq-grok-workspace\node_modules\@rolldown\binding-linux-x64-musl
536 silly reify mark deleted [
536 silly reify   'D:\\workspace\\MYSdE3E1DnL9f4Fq-grok-workspace\\node_modules\\@rolldown\\binding-linux-x64-musl'
536 silly reify ]
537 verbose reify failed optional dependency D:\workspace\MYSdE3E1DnL9f4Fq-grok-workspace\node_modules\@rolldown\binding-linux-x64-gnu
538 silly reify mark deleted [
538 silly reify   'D:\\workspace\\MYSdE3E1DnL9f4Fq-grok-workspace\\node_modules\\@rolldown\\binding-linux-x64-gnu'
538 silly reify ]
539 verbose reify failed optional dependency D:\workspace\MYSdE3E1DnL9f4Fq-grok-workspace\node_modules\@rolldown\binding-linux-s390x-gnu
540 silly reify mark deleted [
540 silly reify   'D:\\workspace\\MYSdE3E1DnL9f4Fq-grok-workspace\\node_modules\\@rolldown\\binding-linux-s390x-gnu'
540 silly reify ]
541 verbose reify failed optional dependency D:\workspace\MYSdE3E1DnL9f4Fq-grok-workspace\node_modules\@rolldown\binding-linux-ppc64-gnu
542 silly reify mark deleted [
542 silly reify   'D:\\workspace\\MYSdE3E1DnL9f4Fq-grok-workspace\\node_modules\\@rolldown\\binding-linux-ppc64-gnu'
542 silly reify ]
543 verbose reify failed optional dependency D:\workspace\MYSdE3E1DnL9f4Fq-grok-workspace\node_modules\@rolldown\binding-linux-arm64-musl
544 silly reify mark deleted [
544 silly reify   'D:\\workspace\\MYSdE3E1DnL9f4Fq-grok-workspace\\node_modules\\@rolldown\\binding-linux-arm64-musl'
544 silly reify ]
545 verbose reify failed optional dependency D:\workspace\MYSdE3E1DnL9f4Fq-grok-workspace\node_modules\@rolldown\binding-linux-arm64-gnu
546 silly reify mark deleted [
546 silly reify   'D:\\workspace\\MYSdE3E1DnL9f4Fq-grok-workspace\\node_modules\\@rolldown\\binding-linux-arm64-gnu'
546 silly reify ]
547 verbose reify failed optional dependency D:\workspace\MYSdE3E1DnL9f4Fq-grok-workspace\node_modules\@rolldown\binding-linux-arm-gnueabihf
548 silly reify mark deleted [
548 silly reify   'D:\\workspace\\MYSdE3E1DnL9f4Fq-grok-workspace\\node_modules\\@rolldown\\binding-linux-arm-gnueabihf'
548 silly reify ]
549 verbose reify failed optional dependency D:\workspace\MYSdE3E1DnL9f4Fq-grok-workspace\node_modules\@rolldown\binding-freebsd-x64
550 silly reify mark deleted [
550 silly reify   'D:\\workspace\\MYSdE3E1DnL9f4Fq-grok-workspace\\node_modules\\@rolldown\\binding-freebsd-x64'
550 silly reify ]
551 verbose reify failed optional dependency D:\workspace\MYSdE3E1DnL9f4Fq-grok-workspace\node_modules\@rolldown\binding-darwin-x64
552 silly reify mark deleted [
552 silly reify   'D:\\workspace\\MYSdE3E1DnL9f4Fq-grok-workspace\\node_modules\\@rolldown\\binding-darwin-x64'
552 silly reify ]
553 verbose reify failed optional dependency D:\workspace\MYSdE3E1DnL9f4Fq-grok-workspace\node_modules\@rolldown\binding-darwin-arm64
554 silly reify mark deleted [
554 silly reify   'D:\\workspace\\MYSdE3E1DnL9f4Fq-grok-workspace\\node_modules\\@rolldown\\binding-darwin-arm64'
554 silly reify ]
555 verbose reify failed optional dependency D:\workspace\MYSdE3E1DnL9f4Fq-grok-workspace\node_modules\@rolldown\binding-android-arm64
556 silly reify mark deleted [
556 silly reify   'D:\\workspace\\MYSdE3E1DnL9f4Fq-grok-workspace\\node_modules\\@rolldown\\binding-android-arm64'
556 silly reify ]
557 verbose reify failed optional dependency D:\workspace\MYSdE3E1DnL9f4Fq-grok-workspace\node_modules\@rolldown\binding-android-arm-eabi
558 silly reify mark deleted [
558 silly reify   'D:\\workspace\\MYSdE3E1DnL9f4Fq-grok-workspace\\node_modules\\@rolldown\\binding-android-arm-eabi'
558 silly reify ]
559 verbose reify failed optional dependency D:\workspace\MYSdE3E1DnL9f4Fq-grok-workspace\node_modules\@tailwindcss\node\node_modules\lightningcss-win32-arm64-msvc
560 silly reify mark deleted [
560 silly reify   'D:\\workspace\\MYSdE3E1DnL9f4Fq-grok-workspace\\node_modules\\@tailwindcss\\node\\node_modules\\lightningcss-win32-arm64-msvc'
560 silly reify ]
561 verbose reify failed optional dependency D:\workspace\MYSdE3E1DnL9f4Fq-grok-workspace\node_modules\@tailwindcss\node\node_modules\lightningcss-linux-x64-musl
562 silly reify mark deleted [
562 silly reify   'D:\\workspace\\MYSdE3E1DnL9f4Fq-grok-workspace\\node_modules\\@tailwindcss\\node\\node_modules\\lightningcss-linux-x64-musl'
562 silly reify ]
563 verbose reify failed optional dependency D:\workspace\MYSdE3E1DnL9f4Fq-grok-workspace\node_modules\@tailwindcss\node\node_modules\lightningcss-linux-x64-gnu
564 silly reify mark deleted [
564 silly reify   'D:\\workspace\\MYSdE3E1DnL9f4Fq-grok-workspace\\node_modules\\@tailwindcss\\node\\node_modules\\lightningcss-linux-x64-gnu'
564 silly reify ]
565 verbose reify failed optional dependency D:\workspace\MYSdE3E1DnL9f4Fq-grok-workspace\node_modules\@tailwindcss\node\node_modules\lightningcss-linux-arm64-musl
566 silly reify mark deleted [
566 silly reify   'D:\\workspace\\MYSdE3E1DnL9f4Fq-grok-workspace\\node_modules\\@tailwindcss\\node\\node_modules\\lightningcss-linux-arm64-musl'
566 silly reify ]
567 verbose reify failed optional dependency D:\workspace\MYSdE3E1DnL9f4Fq-grok-workspace\node_modules\@tailwindcss\node\node_modules\lightningcss-linux-arm64-gnu
568 silly reify mark deleted [
568 silly reify   'D:\\workspace\\MYSdE3E1DnL9f4Fq-grok-workspace\\node_modules\\@tailwindcss\\node\\node_modules\\lightningcss-linux-arm64-gnu'
568 silly reify ]
569 verbose reify failed optional dependency D:\workspace\MYSdE3E1DnL9f4Fq-grok-workspace\node_modules\@tailwindcss\node\node_modules\lightningcss-linux-arm-gnueabihf
570 silly reify mark deleted [
570 silly reify   'D:\\workspace\\MYSdE3E1DnL9f4Fq-grok-workspace\\node_modules\\@tailwindcss\\node\\node_modules\\lightningcss-linux-arm-gnueabihf'
570 silly reify ]
571 verbose reify failed optional dependency D:\workspace\MYSdE3E1DnL9f4Fq-grok-workspace\node_modules\@tailwindcss\node\node_modules\lightningcss-freebsd-x64
572 silly reify mark deleted [
572 silly reify   'D:\\workspace\\MYSdE3E1DnL9f4Fq-grok-workspace\\node_modules\\@tailwindcss\\node\\node_modules\\lightningcss-freebsd-x64'
572 silly reify ]
573 verbose reify failed optional dependency D:\workspace\MYSdE3E1DnL9f4Fq-grok-workspace\node_modules\@tailwindcss\node\node_modules\lightningcss-darwin-x64
574 silly reify mark deleted [
574 silly reify   'D:\\workspace\\MYSdE3E1DnL9f4Fq-grok-workspace\\node_modules\\@tailwindcss\\node\\node_modules\\lightningcss-darwin-x64'
574 silly reify ]
575 verbose reify failed optional dependency D:\workspace\MYSdE3E1DnL9f4Fq-grok-workspace\node_modules\@tailwindcss\node\node_modules\lightningcss-darwin-arm64
576 silly reify mark deleted [
576 silly reify   'D:\\workspace\\MYSdE3E1DnL9f4Fq-grok-workspace\\node_modules\\@tailwindcss\\node\\node_modules\\lightningcss-darwin-arm64'
576 silly reify ]
577 verbose reify failed optional dependency D:\workspace\MYSdE3E1DnL9f4Fq-grok-workspace\node_modules\@tailwindcss\node\node_modules\lightningcss-android-arm64
578 silly reify mark deleted [
578 silly reify   'D:\\workspace\\MYSdE3E1DnL9f4Fq-grok-workspace\\node_modules\\@tailwindcss\\node\\node_modules\\lightningcss-android-arm64'
578 silly reify ]
579 http cache fast-uri@https://registry.npmjs.org/fast-uri/-/fast-uri-3.1.8.tgz 0ms (cache hit)
580 http cache require-from-string@https://registry.npmjs.org/require-from-string/-/require-from-string-2.0.2.tgz 0ms (cache hit)
581 http cache @tanstack/start-storage-context@https://registry.npmjs.org/@tanstack/start-storage-context/-/start-storage-context-1.167.36.tgz 0ms (cache hit)
582 http cache @tanstack/start-server-core@https://registry.npmjs.org/@tanstack/start-server-core/-/start-server-core-1.169.39.tgz 0ms (cache hit)
583 http cache @tanstack/store@https://registry.npmjs.org/@tanstack/store/-/store-0.11.2.tgz 0ms (cache hit)
584 http cache @tanstack/start-client-core@https://registry.npmjs.org/@tanstack/start-client-core/-/start-client-core-1.170.34.tgz 0ms (cache hit)
585 http cache @tanstack/start-plugin-core@https://registry.npmjs.org/@tanstack/start-plugin-core/-/start-plugin-core-1.171.49.tgz 0ms (cache hit)
586 http cache @tanstack/router-plugin@https://registry.npmjs.org/@tanstack/router-plugin/-/router-plugin-1.168.42.tgz 0ms (cache hit)
587 http cache @tanstack/router-generator@https://registry.npmjs.org/@tanstack/router-generator/-/router-generator-1.167.40.tgz 0ms (cache hit)
588 http cache @tanstack/router-core@https://registry.npmjs.org/@tanstack/router-core/-/router-core-1.171.34.tgz 0ms (cache hit)
589 http cache @tanstack/react-store@https://registry.npmjs.org/@tanstack/react-store/-/react-store-0.11.2.tgz 0ms (cache hit)
590 http cache @tanstack/react-start-rsc@https://registry.npmjs.org/@tanstack/react-start-rsc/-/react-start-rsc-0.1.59.tgz 0ms (cache hit)
591 http cache json-schema-traverse@https://registry.npmjs.org/json-schema-traverse/-/json-schema-traverse-1.0.0.tgz 0ms (cache hit)
592 http cache @tanstack/react-start@https://registry.npmjs.org/@tanstack/react-start/-/react-start-1.168.60.tgz 0ms (cache hit)
593 http cache @tanstack/react-start-server@https://registry.npmjs.org/@tanstack/react-start-server/-/react-start-server-1.167.46.tgz 0ms (cache hit)
594 http cache @tanstack/react-router@https://registry.npmjs.org/@tanstack/react-router/-/react-router-1.170.41.tgz 0ms (cache hit)
595 http cache @tanstack/react-start-client@https://registry.npmjs.org/@tanstack/react-start-client/-/react-start-client-1.168.39.tgz 0ms (cache hit)
596 http cache ajv@https://registry.npmjs.org/ajv/-/ajv-8.20.0.tgz 0ms (cache hit)
597 http cache json-schema-traverse@https://registry.npmjs.org/json-schema-traverse/-/json-schema-traverse-0.4.1.tgz 0ms (cache hit)
598 http cache json-schema-traverse@https://registry.npmjs.org/json-schema-traverse/-/json-schema-traverse-0.4.1.tgz 0ms (cache hit)
599 http cache lru-cache@https://registry.npmjs.org/lru-cache/-/lru-cache-11.5.3.tgz 0ms (cache hit)
600 silly tarball no local data for fast-uri@https://registry.npmjs.org/fast-uri/-/fast-uri-3.1.8.tgz. Extracting by manifest.
601 http cache ajv@https://registry.npmjs.org/ajv/-/ajv-6.15.0.tgz 0ms (cache hit)
602 silly tarball no local data for require-from-string@https://registry.npmjs.org/require-from-string/-/require-from-string-2.0.2.tgz. Extracting by manifest.
603 silly tarball no local data for @tanstack/start-storage-context@https://registry.npmjs.org/@tanstack/start-storage-context/-/start-storage-context-1.167.36.tgz. Extracting by manifest.
604 silly tarball no local data for @tanstack/start-server-core@https://registry.npmjs.org/@tanstack/start-server-core/-/start-server-core-1.169.39.tgz. Extracting by manifest.
605 silly tarball no local data for @tanstack/store@https://registry.npmjs.org/@tanstack/store/-/store-0.11.2.tgz. Extracting by manifest.
606 http cache ajv@https://registry.npmjs.org/ajv/-/ajv-6.15.0.tgz 0ms (cache hit)
607 silly tarball no local data for @tanstack/start-client-core@https://registry.npmjs.org/@tanstack/start-client-core/-/start-client-core-1.170.34.tgz. Extracting by manifest.
608 silly tarball no local data for @tanstack/start-plugin-core@https://registry.npmjs.org/@tanstack/start-plugin-core/-/start-plugin-core-1.171.49.tgz. Extracting by manifest.
609 silly tarball no local data for @tanstack/router-plugin@https://registry.npmjs.org/@tanstack/router-plugin/-/router-plugin-1.168.42.tgz. Extracting by manifest.
610 silly tarball no local data for @tanstack/router-generator@https://registry.npmjs.org/@tanstack/router-generator/-/router-generator-1.167.40.tgz. Extracting by manifest.
611 silly tarball no local data for @tanstack/router-core@https://registry.npmjs.org/@tanstack/router-core/-/router-core-1.171.34.tgz. Extracting by manifest.
612 silly tarball no local data for @tanstack/react-store@https://registry.npmjs.org/@tanstack/react-store/-/react-store-0.11.2.tgz. Extracting by manifest.
613 silly tarball no local data for @tanstack/react-start-rsc@https://registry.npmjs.org/@tanstack/react-start-rsc/-/react-start-rsc-0.1.59.tgz. Extracting by manifest.
614 silly tarball no local data for json-schema-traverse@https://registry.npmjs.org/json-schema-traverse/-/json-schema-traverse-1.0.0.tgz. Extracting by manifest.
615 silly tarball no local data for @tanstack/react-start@https://registry.npmjs.org/@tanstack/react-start/-/react-start-1.168.60.tgz. Extracting by manifest.
616 silly tarball no local data for @tanstack/react-start-server@https://registry.npmjs.org/@tanstack/react-start-server/-/react-start-server-1.167.46.tgz. Extracting by manifest.
617 silly tarball no local data for @tanstack/react-router@https://registry.npmjs.org/@tanstack/react-router/-/react-router-1.170.41.tgz. Extracting by manifest.
618 silly tarball no local data for @tanstack/react-start-client@https://registry.npmjs.org/@tanstack/react-start-client/-/react-start-client-1.168.39.tgz. Extracting by manifest.
619 silly tarball no local data for ajv@https://registry.npmjs.org/ajv/-/ajv-8.20.0.tgz. Extracting by manifest.
620 silly tarball no local data for json-schema-traverse@https://registry.npmjs.org/json-schema-traverse/-/json-schema-traverse-0.4.1.tgz. Extracting by manifest.
621 silly tarball no local data for json-schema-traverse@https://registry.npmjs.org/json-schema-traverse/-/json-schema-traverse-0.4.1.tgz. Extracting by manifest.
622 silly tarball no local data for lru-cache@https://registry.npmjs.org/lru-cache/-/lru-cache-11.5.3.tgz. Extracting by manifest.
623 silly tarball no local data for ajv@https://registry.npmjs.org/ajv/-/ajv-6.15.0.tgz. Extracting by manifest.
624 silly tarball no local data for ajv@https://registry.npmjs.org/ajv/-/ajv-6.15.0.tgz. Extracting by manifest.
625 http fetch GET 200 https://registry.npmjs.org/require-from-string/-/require-from-string-2.0.2.tgz 248ms (cache miss)
626 http fetch GET 200 https://registry.npmjs.org/@tanstack/start-storage-context/-/start-storage-context-1.167.36.tgz 487ms (cache miss)
627 http fetch GET 200 https://registry.npmjs.org/@tanstack/react-start-server/-/react-start-server-1.167.46.tgz 568ms (cache miss)
628 http fetch POST 200 https://registry.npmjs.org/-/npm/v1/security/advisories/bulk 848ms
629 silly audit report {
629 silly audit report   'source-map-js': [
629 silly audit report     {
629 silly audit report       id: 1241209,
629 silly audit report       url: 'https://github.com/advisories/GHSA-68fv-2mgg-jv7q',
629 silly audit report       title: 'source-map-js allows event-loop denial of service through indexed source-map section offsets',
629 silly audit report       severity: 'high',
629 silly audit report       vulnerable_versions: '>=1.0.0 <1.2.2',
629 silly audit report       cwe: [Array],
629 silly audit report       cvss: [Object]
629 silly audit report     }
629 silly audit report   ]
629 silly audit report }
630 silly packumentCache corgi:https://registry.npmjs.org/source-map-js cache-miss
631 http fetch GET 200 https://registry.npmjs.org/json-schema-traverse/-/json-schema-traverse-0.4.1.tgz 1131ms (cache miss)
632 http fetch GET 200 https://registry.npmjs.org/json-schema-traverse/-/json-schema-traverse-0.4.1.tgz 1527ms (cache miss)
633 http fetch GET 200 https://registry.npmjs.org/source-map-js 1733ms (cache miss)
634 silly packumentCache corgi:https://registry.npmjs.org/source-map-js set size:undefined disposed:false
635 http fetch GET 200 https://registry.npmjs.org/json-schema-traverse/-/json-schema-traverse-1.0.0.tgz 2629ms (cache miss)
636 silly packumentCache corgi:https://registry.npmjs.org/@tailwindcss%2fnode cache-miss
637 silly packumentCache corgi:https://registry.npmjs.org/postcss cache-miss
638 http fetch GET 200 https://registry.npmjs.org/@tanstack/store/-/store-0.11.2.tgz 3408ms (cache miss)
639 http fetch GET 200 https://registry.npmjs.org/postcss 4383ms (cache miss)
640 silly packumentCache corgi:https://registry.npmjs.org/postcss set size:undefined disposed:false
641 http fetch GET 200 https://registry.npmjs.org/fast-uri/-/fast-uri-3.1.8.tgz 8198ms (cache miss)
642 http fetch GET 200 https://registry.npmjs.org/@tailwindcss%2fnode 6543ms (cache miss)
643 silly packumentCache corgi:https://registry.npmjs.org/@tailwindcss%2fnode set size:undefined disposed:false
644 http fetch GET 200 https://registry.npmjs.org/@tanstack/react-start-client/-/react-start-client-1.168.39.tgz 10808ms (cache miss)
645 http fetch GET 200 https://registry.npmjs.org/@tanstack/react-store/-/react-store-0.11.2.tgz 10950ms (cache miss)
646 http fetch GET 200 https://registry.npmjs.org/@tanstack/start-server-core/-/start-server-core-1.169.39.tgz 15372ms (cache miss)
647 http fetch GET 200 https://registry.npmjs.org/@tanstack/react-start/-/react-start-1.168.60.tgz 16948ms (cache miss)
648 http fetch GET 200 https://registry.npmjs.org/ajv/-/ajv-6.15.0.tgz 18155ms (cache miss)
649 http fetch GET 200 https://registry.npmjs.org/ajv/-/ajv-6.15.0.tgz 18737ms (cache miss)
650 http fetch GET 200 https://registry.npmjs.org/@tanstack/router-generator/-/router-generator-1.167.40.tgz 19383ms (cache miss)
651 http fetch GET 200 https://registry.npmjs.org/@tanstack/react-start-rsc/-/react-start-rsc-0.1.59.tgz 19531ms (cache miss)
652 http fetch GET 200 https://registry.npmjs.org/@tanstack/start-client-core/-/start-client-core-1.170.34.tgz 20992ms (cache miss)
653 http fetch GET 200 https://registry.npmjs.org/lru-cache/-/lru-cache-11.5.3.tgz 22727ms (cache miss)
654 http fetch GET 200 https://registry.npmjs.org/@tanstack/router-plugin/-/router-plugin-1.168.42.tgz 23084ms (cache miss)
655 http fetch GET 200 https://registry.npmjs.org/@tanstack/react-router/-/react-router-1.170.41.tgz 29200ms (cache miss)
656 http fetch GET 200 https://registry.npmjs.org/@tanstack/start-plugin-core/-/start-plugin-core-1.171.49.tgz 29743ms (cache miss)
657 http fetch GET 200 https://registry.npmjs.org/ajv/-/ajv-8.20.0.tgz 34358ms (cache miss)
658 http fetch GET 200 https://registry.npmjs.org/@tanstack/router-core/-/router-core-1.171.34.tgz 38074ms (cache miss)
659 silly ADD node_modules/require-from-string
660 silly ADD node_modules/fast-uri
661 silly ADD
662 silly ADD
663 silly ADD
664 silly ADD
665 silly ADD
666 silly ADD
667 silly ADD
668 silly ADD
669 silly ADD
670 silly ADD
671 silly ADD
672 silly ADD
673 silly ADD
674 silly ADD
675 silly ADD
676 silly ADD
677 silly ADD
678 silly ADD
679 silly ADD
680 silly ADD
681 silly ADD
682 silly ADD
683 silly ADD
684 silly ADD
685 silly ADD
686 silly ADD
687 silly ADD
688 silly ADD
689 silly ADD
690 silly ADD
691 silly ADD
692 silly ADD
693 silly ADD
694 silly ADD
695 silly ADD
696 silly ADD
697 silly ADD
698 silly ADD
699 silly ADD
700 silly ADD
701 silly ADD
702 silly ADD
703 silly ADD
704 silly ADD
705 silly ADD
706 silly ADD
707 silly CHANGE node_modules/@tanstack/store
708 silly CHANGE node_modules/@tanstack/start-storage-context
709 silly CHANGE node_modules/@tanstack/start-server-core
710 silly CHANGE node_modules/@tanstack/start-plugin-core
711 silly CHANGE node_modules/@tanstack/start-client-core
712 silly CHANGE node_modules/@tanstack/router-plugin
713 silly CHANGE node_modules/@tanstack/router-generator
714 silly CHANGE node_modules/@tanstack/router-core
715 silly CHANGE node_modules/@tanstack/react-store
716 silly CHANGE node_modules/@tanstack/react-start-rsc
717 silly CHANGE node_modules/@tanstack/react-start-server
718 silly CHANGE node_modules/@tanstack/react-start
719 silly CHANGE node_modules/@tanstack/react-start-client
720 silly CHANGE node_modules/@tanstack/react-router
721 silly ADD node_modules/@eslint/eslintrc/node_modules/json-schema-traverse
722 silly ADD node_modules/@eslint/eslintrc/node_modules/ajv
723 silly ADD node_modules/nitro/node_modules/lru-cache
724 silly CHANGE node_modules/json-schema-traverse
725 silly ADD node_modules/eslint/node_modules/json-schema-traverse
726 silly ADD node_modules/eslint/node_modules/ajv
727 silly CHANGE node_modules/ajv
728 verbose cwd D:\workspace\MYSdE3E1DnL9f4Fq-grok-workspace
729 verbose os Windows_NT 10.0.26300
730 verbose node v22.13.0
731 verbose npm  v11.0.0
732 notice
732 notice New major version of npm available! 11.0.0 -> 12.2.0
732 notice Changelog: https://github.com/npm/cli/releases/tag/v12.2.0
732 notice To update run: npm install -g npm@12.2.0
732 notice  { force: true, [Symbol(proc-log.meta)]: true }
733 verbose exit 0
734 info ok
